brawlstarsgame.com
.chatgpt.com
.cub.red
.discord.gg
.discord.media
.discordapp.com
.discordapp.net
.discordsays.com
.ggpht.com
.googlevideo.com
.instagram.com
.intel.com
.licdn.com
.linkedin.com
.muscdn.com
.musical.ly
.openai.com
.pexels.com
.phncdn.com
.pornhub.com
.pornhub.org
.quora.com
.quoracdn.com
.scdn.co
.snd.sc
.sndcdn.com
.soundcloud.cloud
.soundcloud.com
.spotify.com
.spotifycdn.com
.themoviedb.org
.tiktok.com
.tiktokcdn.com
.tiktokv.com
.ua
.videocardz.com
.youtube.com
.ytimg.com
10minutemail.com
1337x.to
24.kg
2ip.ru
4freerussia.org
4pda.ru
4pda.to
5sim.net
7dniv.rv.ua
9tv.co.il
a-msedge.net
abook-club.ru
acctcdnmsftuswe2.azureedge.net
acctcdnvzeuno.azureedge.net
activatica.org
adguard-dns.com
adguard.com
adidas.com
ads-twitter.com
agents.media
agentura.ru
ahrefs.com
ai.com
alberta.ca
allegro.pl
alphacoders.com
amazfitwatchfaces.com
amazonaws.com
amd.com
amdm.ru
amnezia.org
amx.com
analog.com
androidpolice.com
anidub.com
anilibria.tv
annas-archive.org
anthropic.com
antiwar.in
api.github.com
api.githubcopilot.com
aplawrence.com
appspot.com
appstorrent.ru
aqicn.org
arbat.media
archiveofourown.org
astra.press
atlassian.com
atn.ua
att.com
auphonic.com
autodesk.com
avira.com
aws.amazon.com
azathabar.com
azattyq.org
babook.org
baginya.org
bard.google.com
bato.to
bbc.co.uk
bbc.com
bbci.co.uk
bell-sw.com
bellingcat.com
bestbuy.com
bgpmon.net
bihus.info
bing.com
bitbucket.org
bitcoin.org
bitru.org
blackseanews.net
bluehost.com
booktracker.org
boosteroid.com
bosch-home.com
bradyid.com
brave.com
browser.events.data.microsoft.com
buckaroo.nl
buf.build
buymeacoffee.com
byspotify.com
cambiumnetworks.com
canva.com
capcut.com
carnegieendowment.org
cats.com
cdn.discordapp.com
cdn.oaistatic.com
cdn.sapphire.microsoftapp.net
cdn.web-platform.io
cdninstagram.com
cdw.com
censortracker.org
certifytheweb.com
chatgpt.com
cherta.media
chess.com
cisco.com
citrix.com
clamav.net
claude.ai
cloudflare-dns.com
cms-twdigitalassets.com
cock.li
codeium.com
coldfilm.xyz
colta.ru
copilot-proxy.githubusercontent.com
copilot.microsoft.com
cpu-monkey.com
crunchyroll.com
cub.red
currenttime.tv
cursorinfo.co.il
cyberghostvpn.com
cyxymu.info
czx.to
d.docs.live.net
daemon-tools.cc
decrypt.day
deepstatemap.live
deezer.com
delfi.ee
delfi.lt
delfi.lv
dell.com
dellcdn.com
depositphotos.com
deviantart.com
devops.com
digitalocean.com
dis.gd
discord-activities.com
discord-attachments-uploads-prd.storage.googleapis.com
discord.co
discord.com
discord.design
discord.dev
discord.gg
discord.gift
discord.gifts
discord.media
discord.new
discord.store
discord.tools
discordactivities.com
discordapp.com
discordapp.io
discordapp.net
discordapp.org
discordcdn.com
discordmerch.com
discordpartygames.com
discordsays.com
discordstatus.com
discours.io
disctech.com
dobrochan.net
donmai.us
dorama.live
doramalive.ru
doramy.club
dovod.online
doxa.team
doxajournal.ru
dpidetector.org
dreamhost.com
dual-a-0001.a-msedge.net
dw.com
eagle.sapphire.microsoftapp.net
echofm.online
edge.microsoft.com
edgeservices.bing.com
ehorussia.com
ej.ru
ekhokavkaza.com
elastic.co
element14.com
err.ee
etsy.com
euronews.com
euroradio.fm
eutrp.eu
everand.com
exler.ru
expres.online
f95zone.to
facebook.com
facebook.net
fast.com
fastly.net
fb.com
fbcdn.net
fbsbx.com
feedcdn.sapphire.microsoftapp.net
fex.net
ficbook.net
files.oaiusercontent.com
filmitorrent.net
filmix.ac
filmix.biz
firefly-ps.adobe.io
firefly.adobe.com
flibusta.is
flir.com
flir.eu
fls.guru
fluke.com
flukenetworks.com
fn-volga.ru
fonge.org
force-user-content.com
force.com
fork.pet
forklog.com
formula1.com
fortanga.org
fpt2.microsoft.com
freedomletters.org
freeimages.com
freemedia.io
gagadget.com
game.brawlstarsgame.com
gamesrepack.com
gateway.bingviz.microsoftapp.net
geforcenow.com
gelbooru.com
gemini.google.com
geni.us
genius.com
germania.one
getoutline.com
getoutline.org
gfn.am
ggpht.cn
ggpht.com
githubcopilot.com
gitlab.com
gitlab.io
glpals.com
gnome-look.org
godaddy.com
gofile.io
golosameriki.com
gonitro.com
goodreads.com
googletagmanager.com
googlevideo.com
gordonua.com
gpsonextra.net
gpt3-openai.com
grafana.com
grammarly.com
grani.ru
graty.me
graylog.org
grazie.ai
groq.com
groza.media
gstatic.com
gulagu.net
habr.com
hashicorp.com
hdrezka.ac
hdrezka.ag
healthline.com
hetzner.com
holod.media
home-connect.com
hostgator.com
hostinger.com
howlongtobeat.com
hqporner.com
hromadske.ua
hrw.org
hs.fi
huawei.com
hwbot.org
hyperhost.ua
i.kym-cdn.com
i.yting.com
ibm.com
idelreal.org
ig.me
ign.com
iherb.com
iichan.hk
ill.in.ua
ilook.tv
important-stories.com
in.appcenter.ms
infineon.com
instagram.com
intel.com
intel.de
intellij.net
interactivebrokers.co.uk
interfax.com.ua
internalfb.com
intuit.com
intuitibits.com
ionos.com
iptv.online
is.fi
island-of-pleasure.site
istories.media
itsmycity.ru
jabra.com
jamf.com
jauns.lv
jetbrains.com
jnn-pa.googleapis.com
kaktus.media
kamatera.com
kasparov.ru
kavkaz-uzel.eu
kavkazr.com
kemono.party
kino.pub
kinobase.org
kinogo.la
kinokopilka.pro
kinovod.net
kinozal.me
kinozal.tv
knews.kg
knowyourmeme.com
kolsar.org
korrespondent.net
kovcheg.live
kpapp.link
krymr.com
kupujemprodajem.com
lambdalabs.com
lamcdn.net
ldoceonline.com
leica-geosystems.com
lenovo.com
lgbtnet.org
lgincdnmsftuswe2.azureedge.net
lgincdnvzeuno.azureedge.net
lh3.googleusercontent.com
libgen.rs
licdn.com
lidarr.audio
linkedin.com
linktr.ee
linuxiac.com
live.net
livetv.sx
localbitcoins.com
locals.md
location.microsoft.com
lolz.guru
lostfilm.run
lostfilm.top
lostfilm.tv
lostfilm.win
lostfilmtv2.site
lostfilmtv5.site
m3u.in
macpaw.com
macvendors.com
mailo.com
malwarebytes.com
mangahub.ru
mangapark.net
mattermost.com
mbed.com
mdza.io
mediazona.ca
mediazona.online
medicalnewstoday.com
medium.com
meduza.io
megapeer.ru
memohrc.org
meraki.com
merezha.co
meta.com
metacritic.com
metla.press
microchip.com
middlewareinventory.com
mignews.com
mindfactory.de
mobile.events.data.microsoft.com
mongodb.com
mongodb.org
monoprice.com
monster.ie
moscowtimes.ru
mouser.com
mouser.fi
mrakopedia.net
mullvad.net
muscdn.com
musical.ly
nasvsehtoshnit.ru
navalny.com
nba.com
neformat.com.ua
neputin.org
netflix.com
netlify.com
networksolutions.com
news.google.com
newsru.co.il
newsru.com
newstudio.tv
newtimes.ru
nflxext.com
nflximg.net
nflxvideo.net
nih.gov
nike.com
nitropdf.com
nnmclub.to
nnmstatic.win
nordvpn.com
notepad-plus-plus.org
notifications-pa.googleapis.com
novaya.no
novayagazeta.eu
novayagazeta.ru
ns-1475.awsdns-56.org
ns-1574.awsdns-04.co.uk
ns-440.awsdns-55.com
ns-722.awsdns-26.net
ntc.party
nyaa.si
oaistatic.com
oasis.app
ohmyswift.ru
oi.legal
okx.com
olx.ua
omv-extras.org
on24.com
onetrust.com
onlineradiobox.com
onlinesim.io
onlinesim.ru
openai.com
openai.fund
openai.org
openmedia.io
opensea.io
opentrackr.org
opposition-news.com
ovd.info
ovd.legal
ovd.news
ovdinfo.org
ozi-ru.org
ozodi.org
p16-tiktokcdn-com.akamaized.net
pages.dev
pandasecurity.com
pap.pl
paperpaper.io
paperpaper.ru
paraplan.net
paraswap.io
parsec.app
patreon.com
patriot.dp.ua
paypal.com
pb.wtf
pcbway.com
pcbway.ru
pcgamesn.com
periscope.tv
pexels.com
phncdn.com
php.su
piccy.info
pingdom.com
pixiv.net
plab.site
play.google.com
play.google.ru
polit.ru
politiken.dk
pornhub.com
pornhub.org
pornolab.net
porsche.com
portal.lviv.ua
posle.media
postfix.org
postimees.ee
pravda.com.ua
privatekeys.pw
prnt.sc
proactivebackend-pa.googleapis.com
proekt.media
prosleduetmedia.com
prostovpn.org
proton.me
protonmail.ch
protonmail.com
provereno.media
proxy.flibusta.net
pscdn.co
pscp.tv
psiphon.ca
qt.io
qualcomm.com
quietpc.com
quora.com
quoracdn.com
radarr.video
radiosakharov.org
radiosvoboda.org
rbc.ua
reactflow.dev
realist.online
reddxxx.com
redgifs.com
redis.com
redis.io
redshieldvpn.com
redtube.com
reestrgov.ru
refactoring.guru
refinitiv.com
remove.bg
republic.ru
research.uber.com
resp.app
returnyoutubedislikeapi.com
rezka.ag
rezka.my
rezkify.com
rezonans.media
rferl.org
riafan.ru
roar-review.com
root-nation.com
rpt.usuppliers.uber.com
rsf.org
ruckuswireless.com
rus-media.org
rus.ec
rustorka.com
rutor.info
rutor.is
rutor.org
rutracker.cc
rutracker.net
rutracker.org
rutracker.ru
s.youtubeeducation.com
sakh.com
sakhalin.info
sakharovfoundation.org
salesforce-experience.com
salesforce-hub.com
salesforce-scrt.com
salesforce-setup.com
salesforce-sites.com
salesforce.com
salesforceiq.com
salesforceliveagent.com
sap.com
sapphire.api.microsoftapp.net
saverudata.info
saverudata.net
scdn.co
schaeffler.com
screamingfrog.co.uk
searchfloor.org
seasonvar.ru
sebeanus.online
selezen.org
self.events.data.microsoft.com
semnasem.org
serpstat.com
servarr.com
services.bingapis.com
severreal.org
sfdcopens.com
shinyhardware.co.uk
showip.net
sibreal.org
simplix.info
singlekey-id.com
site.com
skat.media
skladchik.com
skyscanner.com
slavicsac.com
slideshare.net
smartbear.com
smashwords.com
snd.sc
sndcdn.com
snort.org
snyk.io
soapui.org
sobesednik.com
sobesednik.ru
solarwinds.com
sora.com
soundcloud.cloud
soundcloud.com
spacelift.io
spektr.press
spoti.fi
spotify-everywhere.com
spotify.com
spotify.design
spotifycdn.com
spotifycdn.net
spotifycharts.com
spotifycodes.com
spotifyforbrands.com
spotifyjobs.com
spreadthesign.com
sputnikipogrom.com
stalker2.com
static.hdrezka.ac
status.discord.com
strana.news
strana.today
strava.com
stulchik.net
suggestqueries.google.com
supercell.com
suspilne.media
svidomi.in.ua
svoboda.org
svoi.kr.ua
svtv.org
swagger.io
sydney.bing.com
sysdig.com
t-ru.org
t.co
tableau.com
tayga.info
te-st.org
teamviewer.com
telegraf.by
telegraf.news
telemetr.io
tellapart.com
terraform.io
terrasoft.ua
the-village.ru
theaudiodb.com
thebarentsobserver.com
thebell.io
theins.info
theins.press
theins.ru
themoviedb.org
thepiratebay.org
thetruestory.news
threads.net
ti.com
tidal.com
tik-tokapi.com
tiktok.com
tiktokcdn-com.akamaized.net
tiktokcdn-eu.com
tiktokcdn-us.com
tiktokcdn.com
tiktokcdn.com.c.worldfcdn.com
tiktokd.net
tiktokd.org
tiktokv.com
tiktokv.us
tiktokw.us
timberland.com
tjournal.ru
tmdb-image-prod.b-cdn.net
tmdb.org
torproject.org
torrent.by
torrentgalaxy.to
tracker.wf
trailblazer.me
trailhead.com
translyaciya.com
trellix.com
tsmc.com
ttwstatic.com
tutanota.com
tvfreedom.io
tvrain.ru
tvrain.tv
tweetdeck.com
twimg.com
twirpx.com
twitpic.com
twitter.biz
twitter.com
twitter.jp
twittercommunity.com
twitterflightschool.com
twitterinc.com
twitteroauth.com
twitterstat.us
twtrdns.net
twttr.com
twttr.net
twvid.com
ufile.io
ukr.radio
underver.se
unian.net
unian.ua
uniongang.tv
updates.discord.com
upwork.com
usa.one
vectorworks.net
veeam.com
velocidrone.com
verstka.media
vesma.one
vesma.today
vesty.co.il
video-akpcw-cdn-spotify-com.akamaized.net
video-analytics.google.com
videocardz.com
videocardz.net
vine.co
vipdrive.net
vndb.org
voanews.com
vot-tak.tv
voynaplemyon.com
vpngate.net
vpngen.org
vpnlove.me
vrv.co
vyos.io
walmart.com
watchguard.com
weather.com
weblance.com.ua
welt.de
wetransfer.com
wheather.com
wide-youtube.l.google.com
wikiart.org
wikidot.com
wilsoncenter.org
windguru.cz
withyoutube.com
wixmp.com
wk.cz
wonderzine.com
wpengine.com
wunderground.com
www.androidpolice.com
www.discord.com
www.gstatic.com
www.youtube-nocookie.com
www.youtubeeducation.com
www.youtubegaming.com
x.com
xdaforums.com
xhamster.com
xhamsterlive.com
xnxx.com
xtracloud.net
xv-ru.com
xvideos-cdn.com
xvideos.com
yaoilib.me
yle.fi
youtu.be
youtube-nocookie.com
youtube-ui.l.google.com
youtube.com
youtube.googleapis.com
youtube.ru
youtubeeducation.com
youtubeembeddedplayer.googleapis.com
youtubefanfest.com
youtubegaming.com
youtubego.com
youtubei.googleapis.com
youtubekids.com
youtubemobilesupport.com
yt-video-upload.l.google.com
yt.be
yt1.googleusercontent.com
yt2.googleusercontent.com
yt3.googleusercontent.com
ytimg.com
ytimg.l.google.com
zahav.ru
zannn.top
zedge.net
zendesk.com
zerkalo.io
zerossl.com
zetalliance.org
zetfix.online
zetflix.online
zf.com
znanija.com
zohomail.com
zona.media
zoomadmin.com
_domainkey.youtube.com
