10minutemail.com
1337x.to
24.kg
2ip.io
4freerussia.org
4pda.ru
4pda.to
4pda.ws
4pna.com
5sim.net
7dniv.rv.ua
7tv.app
7tv.io
9tv.co.il
a-msedge.net
abercrombie.com
abook-club.ru
academy.terrasoft.ua
acctcdnmsftuswe2.azureedge.net
acctcdnvzeuno.azureedge.net
activatica.org
adguard-dns.com
adguard.com
adidas.com
adminforge.de
adobe.com
adobe.io
adobedtm.com
adobelogin.com
ads-twitter.com
adultmult.tv
agents.media
agentura.ru
ahrefs.com
ai-chat.bsg.brave.com
ai.com
aistudio.google.com
alberta.ca
allegro.pl
alphacoders.com
alza.hu
amazfitwatchfaces.com
amazonaws.com
amd.com
amdm.ru
amedia.site
amnezia.org
amx.com
analog.com
androidpolice.com
anidub.com
anilibria.tv
anilibria.uno
animaunt.org
anime-portal.su
animebest.org
animedia.tv
animego.org
animespirit.ru
anistar.org
anistars.ru
annas-archive.org
anthropic.com
antiwar.in
aol.com
api.github.com
api.githubcopilot.com
api.service-kp.com
api.theins.info
api.themoviedb.org
aplawrence.com
appspot.com
appstorrent.ru
aqicn.org
arbat.media
archive.ph
archiveofourown.org
as6723.net
assets.heroku.com
astra.press
atlassian.com
atn.ua
att.com
attachments.f95zone.to
auphonic.com
autodesk.com
avira.com
aws.amazon.com
azathabar.com
azattyq.org
babook.org
baginya.org
baikal-journal.ru
bard.google.com
bato.to
bbc.co.uk
bbc.com
bbci.co.uk
bcbits.com
bell-sw.com
bellingcat.com
bestbuy.com
bestchange.ru
bgpmon.net
bihus.info
bing.com
bitbucket.org
bitcoin.org
bitdefender.com
bitru.org
blackseanews.net
blinkshot.io
bluehost.com
booktracker.org
boosteroid.com
booth.pm
booth.pximg.net
bosch-home.com
botnadzor.org
bradyid.com
brave.com
brawlstarsgame.com
broadcom.com
broncosportforum.com
browser.events.data.microsoft.com
btdig.com
btod.com
buanzo.org
buckaroo.nl
buf.build
builds.parsec.app
buymeacoffee.com
byspotify.com
byteoversea.com
cambiumnetworks.com
canva.com
canva.dev
capacitorjs.com
capcut.com
carnegieendowment.org
carrefouruae.com
cats.com
cbilling.eu
cbilling.vip
cdn.discordapp.com
cdn.oaistatic.com
cdn.sapphire.microsoftapp.net
cdn.web-platform.io
cdnbunny.org
cdninstagram.com
cdromance.org
cdw.com
censortracker.org
certifytheweb.com
chaos.com
chat.com
chat.openai.com.cdn.cloudflare.net
chatgpt.com
chaturbate.com
cherta.media
chess.com
cisco.com
citrix.com
clamav.net
clashofclans.com
clashroyaleapp.com
claude.ai
clickup.com
clip.opus.pro
cloudflare-dns.com
cms-twdigitalassets.com
cnd2exp.online
cock.li
codeium.com
coingate.com
coinpayments.net
coinsbee.com
coldfilm.xyz
colta.ru
community.sophos.com
contabo.com
coomer.su
copilot-proxy.githubusercontent.com
copilot.microsoft.com
corsair.com
coursera.org
cpu-monkey.com
credly.com
crunchyroll.com
csskor.ill.in.ua
cub.red
cub.rip
currenttime.tv
cursorinfo.co.il
cvedetails.com
cyberghostvpn.com
cyxymu.info
czx.to
d.docs.live.net
daemon-tools.cc
danbooru.donmai.us
data-cdn.mbamupdates.com
decrypt.day
deepmind.com
deepmind.google
deepstatemap.live
deezer.com
delfi.ee
delfi.lt
delfi.lv
dell.com
dellcdn.com
depositphotos.com
designer.microsoft.com
designify.com
developer.nvidia.com
deviantart.com
devops.com
digikey.com
digitalcontent.sky
digitalocean.com
dis.gd
discord-activities.com
discord-attachments-uploads-prd.storage.googleapis.com
discord.co
discord.com
discord.design
discord.dev
discord.gg
discord.gift
discord.gifts
discord.media
discord.new
discord.store
discord.tools
discordactivities.com
discordapp.com
discordapp.io
discordapp.net
discordapp.org
discordcdn.com
discordmerch.com
discordpartygames.com
discordsays.com
discordstatus.com
discours.io
disctech.com
dobrochan.net
docs.liquibase.com
donmai.us
dorama.live
doramalive.ru
doramy.club
dovod.online
download3.omnissa.com
doxa.team
doxajournal.ru
dpidetector.org
dreamhost.com
dual-a-0001.a-msedge.net
ducati.com
dw.com
e621.net
eagle.sapphire.microsoftapp.net
echofm.online
edge.microsoft.com
edgeservices.bing.com
edu-cisco.org
ef.com
ef.edu
eggertspiele.de
ehorussia.com
ej.ru
ekhokavkaza.com
elastic.co
element14.com
elevenlabs.io
envato.com
envatousercontent.com
epidemz.net.co
err.ee
etsy.com
euronews.com
euroradio.fm
eutrp.eu
everand.com
exler.ru
expres.online
extremetech.com
f1.com
f95-zone.to
f95zone.to
facebook.com
facebook.net
fast-torrent.club
fast.com
fastly.net
fb.com
fbcdn.net
fbsbx.com
feedcdn.sapphire.microsoftapp.net
fex.net
ficbook.net
files.oaiusercontent.com
filmitorrent.net
filmix.ac
filmix.biz
filmix.day
filmix.fm
filmix.la
firefly-ps.adobe.io
firefly.adobe.com
flibusta.is
flibusta.net
flipboard.com
flir.com
flir.eu
flourish.studio
fls.guru
fluke.com
flukenetworks.com
fn-volga.ru
fonge.org
footballapi.pulselive.com
force-user-content.com
force.com
fork.pet
forklog.com
formula1.com
fortanga.org
forum.netgate.com
forum.ru-board.com
foxnews.com
fpt2.microsoft.com
framer.com
freedomletters.org
freeimages.com
freemedia.io
full:ai.google.dev
full:alkalicore-pa.clients6.google.com
full:alkalimakersuite-pa.clients6.google.com
gagadget.com
gamedistribution.com
gamesrepack.com
gaming.amazon.com
gateway.bingviz.microsoftapp.net
gdb.rferl.org
geforcenow.com
gelbooru.com
geller-pa.googleapis.com
gemini.google.com
generativeai.google
generativelanguage.googleapis.com
geni.us
genius.com
geolocation.onetrust.com
germania.one
getoutline.com
getoutline.org
gfn.am
ggpht.cn
ggpht.com
ghostrc.game.idtech.services
githubcopilot.com
gitlab.com
gitlab.io
global.fncstatic.com
glpals.com
gnome-look.org
godaddy.com
gofile.io
gofundme.com
golosameriki.com
gonitro.com
goodreads.com
googletagmanager.com
googlevideo.com
gordonua.com
gpsonextra.net
gpt3-openai.com
gr-assets.com
grafana.com
grammarly.com
grani.ru
graty.me
graylog.org
grazie.ai
grok.com
groq.com
groupon.com
groza.media
gstatic.com
guilded.gg
gulagu.net
habr.com
hackernoon.com
hackmd.io
halooglasi.com
hashicorp.com
hdkinoteatr.com
hdrezka.ac
hdrezka.ag
hdrezka.me
healthline.com
hentai-foundry.com
herokucdn.com
hetzner.com
hollisterco.com
holod.media
home-connect.com
hostgator.com
hostinger.com
hotels.com
howlongtobeat.com
hqporner.com
hromadske.ua
hrw.org
hs.fi
htmhell.dev
http-inputs-notion.splunkcloud.com
huawei.com
hwbot.org
hyperhost.ua
i.kym-cdn.com
i.sakh.com
i.yting.com
ibm.com
ibytedtos.com
idelreal.org
iedb.org
ig.me
ign.com
iherb.com
iichan.hk
ill.in.ua
ilook.tv
image.tmdb.org
important-stories.com
in.appcenter.ms
indiehackers.com
infineon.com
instagram.com
install.launcher.omniverse.nvidia.com
intel.com
intel.de
intel.nl
intelix.sophos.com
intellij.net
interactivebrokers.co.uk
interfax.com.ua
internalfb.com
intuit.com
intuitibits.com
ionos.com
iptv.online
is.fi
island-of-pleasure.site
istories.media
itninja.com
itsmycity.ru
jabra.com
jamf.com
jauns.lv
jetbrains.com
jetbrains.space
jnn-pa.googleapis.com
jskor.ill.in.ua
jut-su.net
jut.su
kaktus.media
kamatera.com
kara.su
kasparov.ru
kavkaz-uzel.eu
kavkazr.com
kemono.party
kemono.su
keysight.com
kino.pub
kinobase.org
kinogo.ec
kinogo.la
kinogo.uk
kinokopilka.pro
kinovod.net
kinozal.guru
kinozal.me
kinozal.tv
kmail-lists.com
knews.kg
knowyourmeme.com
kolsar.org
kor.ill.in.ua
korrespondent.net
kovcheg.live
kpapp.link
krymr.com
kupujemprodajem.com
lambdalabs.com
lamcdn.net
lampa.mx
ldoceonline.com
leafletjs.com
leica-geosystems.com
lenovo.com
lgbtnet.org
lgincdnmsftuswe2.azureedge.net
lgincdnvzeuno.azureedge.net
lh3.googleusercontent.com
libgen.li
libgen.rs
licdn.com
lidarr.audio
lifehacker.com
lightning.ai
linear.app
linkedin.com
linktr.ee
linuxiac.com
live.net
livetv.sx
liveuamap.com
localbitcoins.com
locals.md
location.microsoft.com
lolz.guru
lookerstudio.google.com
lostfilm.run
lostfilm.top
lostfilm.tv
lostfilm.win
lostfilmtv2.site
lostfilmtv5.site
lucid.app
m3u.in
macpaw.com
macvendors.com
mail-api.proton.me
mailfence.com
mailo.com
makenotion.zendesk.com
makersuite.google.com
malwarebytes.com
mangadex.org
mangahub.ru
mangapark.net
mashable.com
mattermost.com
mbed.com
mbk-news.appspot.com
mdza.io
mediazona.ca
mediazona.online
medicalnewstoday.com
medium.com
meduza.io
megapeer.ru
megapeer.vip
memohrc.org
meraki.com
merezha.co
meta.com
metacritic.com
metal-archives.com
metla.press
microchip.com
middlewareinventory.com
mignews.com
mindfactory.de
mixcloud.com
mobile.events.data.microsoft.com
mongodb.com
mongodb.org
monoprice.com
monster.ie
more.fm
moscowtimes.ru
mouser.com
mouser.fi
mrakopedia.net
mssg.me
mullvad.net
multporn.net
muscdn.com
musical.ly
mydoramy.club
myheritage.com
myjetbrains.com
nasvsehtoshnit.ru
navalny.com
nba.com
neformat.com.ua
neo4j.com
neputin.org
netflix.ca
netflix.com
netflix.net
netflixinvestor.com
netflixtechblog.com
netlify.com
networksolutions.com
newark.com
news.google.com
newsroom.porsche.com
newsru.co.il
newsru.com
newstudio.tv
newtimes.ru
nfl.com
nflxext.com
nflximg.com
nflximg.net
nflxsearch.net
nflxso.net
nflxvideo.net
ngrok.com
nhentai.com
nhl.com
nih.gov
nike.com
nippon.com
nitropdf.com
nnmclub.to
nnmstatic.win
nordvpn.com
notepad-plus-plus.org
notifications-pa.googleapis.com
notion-emojis.s3-us-west-2.amazonaws.com
notion-static.com
notion.com
notion.new
notion.site
notion.so
notionusercontent.com
novaline.fm
novaya.no
novayagazeta.eu
novayagazeta.ru
ns-1475.awsdns-56.org
ns-1574.awsdns-04.co.uk
ns-440.awsdns-55.com
ns-722.awsdns-26.net
ntc.party
ntp.msn.com
nxp.com
nyaa.si
oaistatic.com
oaiusercontent.com
oasis.app
ocstore.com
oculus.com
ohmyswift.ru
oi.legal
okx.com
olx.ua
omnissa.com
omv-extras.org
on24.com
onelink.me
onetrust.com
onfastspring.com
onlineradiobox.com
onlinesim.io
onlinesim.ru
onshape.com
openai.com
openai.fund
openai.org
openmedia.io
opensea.io
opentrackr.org
opposition-news.com
oracle.com
ovd.info
ovd.legal
ovd.news
ovdinfo.org
ozi-ru.org
ozodi.org
p16-tiktokcdn-com.akamaized.net
pages.dev
pandasecurity.com
pap.pl
paperpaper.io
paperpaper.ru
paraplan.net
paraswap.io
parsec.app
patreon.com
patriot.dp.ua
paypal.com
pb.wtf
pcbway.com
pcbway.ru
pcgamesn.com
pcmag.com
periscope.tv
pexels.com
phncdn.com
phncdn.com.sds.rncdn7.com
php.su
piccy.info
pimpletv.ru
pingdom.com
piratbit.top
pixabay.com
pixiv.net
pkgs.tailscale.com
plab.site
platform.activestate.com
play.google.com
playboy.com
plugshare.com
polit.ru
politico.eu
politiken.dk
polymarket.com
pornhub.com
pornhub.org
pornolab.net
porsche.com
portal.lviv.ua
posle.media
postfix.org
postimees.ee
pravda.com
pravda.com.ua
premierleague.com
primevideo.com
privatekeys.pw
prnt.sc
proactivebackend-pa.googleapis.com
proekt.media
prosleduetmedia.com
prostovpn.org
proton.me
protonmail.ch
protonmail.com
protonvpn.com
provereno.media
prowlarr.com
proxy.flibusta.net
pscdn.co
pscp.tv
psiphon.ca
public.parsec.app
qt.io
qualcomm.com
quickconnect.to
quietpc.com
quora.com
quora.com.cdn.cloudflare.net
quoracdn.com
r4.err.ee
radarr.video
radiosakharov.org
radiosvoboda.org
rbc.ua
reactflow.dev
realist.online
recraft.ai
reddxxx.com
redgifs.com
redis.com
redis.io
redshieldvpn.com
redtube.com
reestrgov.ru
refactoring.guru
refinitiv.com
remna.st
remove.bg
render-state.to
rentry.co
rentry.org
republic.ru
research.net
research.uber.com
resp.app
returnyoutubedislikeapi.com
reuters.com
reve.art
rezka.ag
rezka.my
rezkify.com
rezonans.media
rf.dobrochan.net
rferl.org
riafan.ru
riperam.org
roar-review.com
root-nation.com
rpt.usuppliers.uber.com
rsf.org
rublacklist.net
ruckuswireless.com
rule34.art
rus-media.org
rus.delfi.ee
rus.ec
rus.jauns.lv
rustorka.com
rutor.info
rutor.is
rutor.org
rutracker.cc
rutracker.net
rutracker.org
rutracker.ru
rutracker.wiki
s.youtubeeducation.com
sakh.com
sakhalin.info
sakharovfoundation.org
salesforce-experience.com
salesforce-hub.com
salesforce-scrt.com
salesforce-setup.com
salesforce-sites.com
salesforce.com
salesforceiq.com
salesforceliveagent.com
sap.com
sapphire.api.microsoftapp.net
saverudata.info
saverudata.net
scdn.co
schaeffler.com
sci-hub.se
sci-hub.st
screamingfrog.co.uk
sdxcentral.com
searchfloor.org
seasonvar.ru
sebeanus.online
selezen.org
self.events.data.microsoft.com
semnasem.org
sentry.io
sephora.com
serpstat.com
servarr.com
services.bingapis.com
severreal.org
sfdcopens.com
shikimori.me
shinyhardware.co.uk
shiza-project.com
shop.gameloft.com
showip.net
sibreal.org
signal.org
simplex.chat
simplex.im
simplix.info
singlekey-id.com
site.com
skat.media
sketchup.com
skiff.com
skladchik.com
sklatchiki.ru
sky.com
skycdp.com
skyscanner.com
slashlib.me
slavicsac.com
slideshare.net
smartbear.co
smartbear.com
smartdeploy.com
smashwords.com
snd.sc
sndcdn.com
snort.org
snyk.io
soapui.org
sobesednik.com
sobesednik.ru
solarwinds.com
sora.com
soundcloud.cloud
soundcloud.com
sovetromantica.com
spacelift.io
spektr.press
spitfireaudio.com
spoti.fi
spotify-everywhere.com
spotify.com
spotify.design
spotifycdn.com
spotifycdn.net
spotifycharts.com
spotifycodes.com
spotifyforbrands.com
spotifyjobs.com
spreadthesign.com
sputnikipogrom.com
squadbustersgame.com
squareup.com
squietpc.com
stalker2.com
static.hdrezka.ac
static.lostfilm.top
statology.org
status.discord.com
steamstat.info
strana.news
strana.today
strava.com
stulchik.net
suggestqueries.google.com
supercell.com
support.xerox.com
surfshark.com
surveymonkey.com
suspilne.media
svidomi.in.ua
svoboda.org
svoi.kr.ua
svtv.org
swagger.io
swissinfo.ch
sydney.bing.com
synoforum.com
sysdig.com
t-ru.org
t.co
tableau.com
talosintelligence.com
tayga.info
te-st.org
teamviewer.com
techpowerup.com
telegraf.by
telegraf.news
telegraph.co.uk
telemetr.io
tellapart.com
tempmail.plus
temu.com
terraform.io
terrasoft.ua
the-village.ru
theaudiodb.com
thebarentsobserver.com
thebell.io
theins.info
theins.press
theins.ru
themoviedb.org
thepiratebay.org
thetruestory.news
threads.net
threema.ch
ti.com
tidal.com
tik-tokapi.com
tiktok.com
tiktokcdn-com.akamaized.net
tiktokcdn-eu.com
tiktokcdn-us.com
tiktokcdn.com
tiktokcdn.com.c.worldfcdn.com
tiktokd.net
tiktokd.org
tiktokv.com
tiktokv.us
tiktokw.us
timberland.com
timberland.de
tjournal.ru
tmdb-image-prod.b-cdn.net
tmdb.com
tmdb.org
torproject.org
torrent.by
torrenteditor.com
torrentgalaxy.to
tpucdn.com
tracker.wf
trailblazer.me
trailhead.com
translyaciya.com
trellix.com
trueblackmetalradio.com
tsmc.com
ttwstatic.com
turbobit.net
tuta.com
tuta.io
tutanota.com
tvfreedom.io
tvrain.ru
tvrain.tv
tweetdeck.com
twimg.com
twirpx.com
twitpic.com
twitter.biz
twitter.com
twitter.jp
twittercommunity.com
twitterflightschool.com
twitterinc.com
twitteroauth.com
twitterstat.us
twtrdns.net
twttr.com
twttr.net
twvid.com
typing.com
ua
uaudio.com
ufile.io
ui.ill.in.ua
ukr.net
ukr.radio
ukrtelcdn.net
underver.se
unian.net
unian.ua
uniongang.tv
unscreen.com
updates.discord.com
upwork.com
usa.one
vagrantcloud.com
vectorworks.net
veeam.com
velocidrone.com
verstka.media
vesma.one
vesma.today
vesty.co.il
vice.com
video-akpcw-cdn-spotify-com.akamaized.net
video-analytics.google.com
videocardz.com
videocardz.net
vine.co
vipdrive.net
vipergirls.to
visualcapitalist.com
vmware.com
vndb.org
voanews.com
voidboost.cc
volkswagen-classic-parts.com
vot-tak.tv
voynaplemyon.com
vpngate.net
vpngen.org
vpnlove.me
vpnpay.io
vrv.co
vyos.io
w.atwiki.jp
walmart.com
watchguard.com
watermarkremover.io
weather.com
weblance.com.ua
webnames.ca
webtoons.com
weebly.com
welt.de
wetransfer.com
wheather.com
wide-youtube.l.google.com
widgetapp.stream
wiki.fextralife.com
wikiart.org
wikidot.com
wilsoncenter.org
windguru.cz
windows10spotlight.com
withyoutube.com
wixmp.com
wk.cz
wonderzine.com
wpengine.com
wunderground.com
www3.corsair.com
x.ai
x.com
xdaforums.com
xhamster.com
xhamsterlive.com
xnxx.com
xsts.auth.xboxlive.com
xtracloud.net
xv-ru.com
xvideos-cdn.com
xvideos.com
yaoilib.me
yle.fi
youtu.be
youtube-nocookie.com
youtube-ui.l.google.com
youtube.com
youtube.googleapis.com
youtube.ru
youtubeeducation.com
youtubeembeddedplayer.googleapis.com
youtubefanfest.com
youtubegaming.com
youtubego.com
youtubei.googleapis.com
youtubekids.com
youtubemobilesupport.com
yt-video-upload.l.google.com
yt.be
yt1.googleusercontent.com
yt2.googleusercontent.com
yt3.googleusercontent.com
ytimg.com
ytimg.l.google.com
yummyani.me
zahav.ru
zannn.top
zapier.com
zbigz.com
zedge.net
zendesk.com
zerkalo.io
zerossl.com
zetalliance.org
zetfix.online
zetflix.online
zf.com
znanija.com
zohomail.com
zona.media
zoomadmin.com
