domain:10minutemail.com
domain:1337x.to
domain:24.kg
domain:2ip.io
domain:4freerussia.org
domain:4pda.ru
domain:4pda.to
domain:4pda.ws
domain:5sim.net
domain:7dniv.rv.ua
domain:9tv.co.il
domain:a-msedge.net
domain:abook-club.ru
domain:acctcdnmsftuswe2.azureedge.net
domain:acctcdnvzeuno.azureedge.net
domain:activatica.org
domain:adguard-dns.com
domain:adguard.com
domain:adidas.com
domain:adobe.com
domain:adobe.io
domain:adobedtm.com
domain:adobelogin.com
domain:ads-twitter.com
domain:adultmult.tv
domain:agents.media
domain:agentura.ru
domain:ahrefs.com
domain:ai.com
domain:aistudio.google.com
domain:alberta.ca
domain:allegro.pl
domain:alphacoders.com
domain:amazfitwatchfaces.com
domain:amazonaws.com
domain:amd.com
domain:amdm.ru
domain:amedia.site
domain:amnezia.org
domain:amx.com
domain:analog.com
domain:androidpolice.com
domain:anidub.com
domain:anilibria.tv
domain:anilibria.uno
domain:animaunt.org
domain:anime-portal.su
domain:animebest.org
domain:animedia.tv
domain:animego.org
domain:animespirit.ru
domain:anistar.org
domain:anistars.ru
domain:annas-archive.org
domain:anthropic.com
domain:antiwar.in
domain:api.github.com
domain:api.githubcopilot.com
domain:api.themoviedb.org
domain:aplawrence.com
domain:appspot.com
domain:appstorrent.ru
domain:aqicn.org
domain:arbat.media
domain:archiveofourown.org
domain:astra.press
domain:atlassian.com
domain:atn.ua
domain:att.com
domain:auphonic.com
domain:autodesk.com
domain:avira.com
domain:aws.amazon.com
domain:azathabar.com
domain:azattyq.org
domain:babook.org
domain:baginya.org
domain:bard.google.com
domain:bato.to
domain:bbc.co.uk
domain:bbc.com
domain:bbci.co.uk
domain:bell-sw.com
domain:bellingcat.com
domain:bestbuy.com
domain:bgpmon.net
domain:bihus.info
domain:bing.com
domain:bitbucket.org
domain:bitcoin.org
domain:bitru.org
domain:blackseanews.net
domain:bluehost.com
domain:booktracker.org
domain:boosteroid.com
domain:bosch-home.com
domain:bradyid.com
domain:brave.com
domain:brawlstarsgame.com
domain:browser.events.data.microsoft.com
domain:buckaroo.nl
domain:buf.build
domain:buymeacoffee.com
domain:byspotify.com
domain:byteoversea.com
domain:cambiumnetworks.com
domain:canva.com
domain:capcut.com
domain:carnegieendowment.org
domain:cats.com
domain:cdn.discordapp.com
domain:cdn.oaistatic.com
domain:cdn.sapphire.microsoftapp.net
domain:cdn.web-platform.io
domain:cdninstagram.com
domain:cdw.com
domain:censortracker.org
domain:certifytheweb.com
domain:chat.com
domain:chat.openai.com.cdn.cloudflare.net
domain:chatgpt.com
domain:cherta.media
domain:chess.com
domain:cisco.com
domain:citrix.com
domain:clamav.net
domain:clashofclans.com
domain:clashroyaleapp.com
domain:claude.ai
domain:cloudflare-dns.com
domain:cms-twdigitalassets.com
domain:cock.li
domain:codeium.com
domain:coldfilm.xyz
domain:colta.ru
domain:copilot-proxy.githubusercontent.com
domain:copilot.microsoft.com
domain:cpu-monkey.com
domain:crunchyroll.com
domain:cub.red
domain:cub.rip
domain:currenttime.tv
domain:cursorinfo.co.il
domain:cyberghostvpn.com
domain:cyxymu.info
domain:czx.to
domain:d.docs.live.net
domain:daemon-tools.cc
domain:danbooru.donmai.us
domain:decrypt.day
domain:deepmind.com
domain:deepmind.google
domain:deepstatemap.live
domain:deezer.com
domain:delfi.ee
domain:delfi.lt
domain:delfi.lv
domain:dell.com
domain:dellcdn.com
domain:depositphotos.com
domain:designer.microsoft.com
domain:deviantart.com
domain:devops.com
domain:digitalocean.com
domain:dis.gd
domain:discord-activities.com
domain:discord-attachments-uploads-prd.storage.googleapis.com
domain:discord.co
domain:discord.com
domain:discord.design
domain:discord.dev
domain:discord.gg
domain:discord.gift
domain:discord.gifts
domain:discord.media
domain:discord.new
domain:discord.store
domain:discord.tools
domain:discordactivities.com
domain:discordapp.com
domain:discordapp.io
domain:discordapp.net
domain:discordapp.org
domain:discordcdn.com
domain:discordmerch.com
domain:discordpartygames.com
domain:discordsays.com
domain:discordstatus.com
domain:discours.io
domain:disctech.com
domain:dobrochan.net
domain:donmai.us
domain:dorama.live
domain:doramalive.ru
domain:doramy.club
domain:dovod.online
domain:doxa.team
domain:doxajournal.ru
domain:dpidetector.org
domain:dreamhost.com
domain:dual-a-0001.a-msedge.net
domain:dw.com
domain:e621.net
domain:eagle.sapphire.microsoftapp.net
domain:echofm.online
domain:edge.microsoft.com
domain:edgeservices.bing.com
domain:ehorussia.com
domain:ej.ru
domain:ekhokavkaza.com
domain:elastic.co
domain:element14.com
domain:envato.com
domain:envatousercontent.com
domain:err.ee
domain:etsy.com
domain:euronews.com
domain:euroradio.fm
domain:eutrp.eu
domain:everand.com
domain:exler.ru
domain:expres.online
domain:f95zone.to
domain:facebook.com
domain:facebook.net
domain:fast.com
domain:fastly.net
domain:fb.com
domain:fbcdn.net
domain:fbsbx.com
domain:feedcdn.sapphire.microsoftapp.net
domain:fex.net
domain:ficbook.net
domain:files.oaiusercontent.com
domain:filmitorrent.net
domain:filmix.ac
domain:filmix.biz
domain:firefly-ps.adobe.io
domain:firefly.adobe.com
domain:flibusta.is
domain:flir.com
domain:flir.eu
domain:fls.guru
domain:fluke.com
domain:flukenetworks.com
domain:fn-volga.ru
domain:fonge.org
domain:force-user-content.com
domain:force.com
domain:fork.pet
domain:forklog.com
domain:formula1.com
domain:fortanga.org
domain:fpt2.microsoft.com
domain:freedomletters.org
domain:freeimages.com
domain:freemedia.io
domain:full:ai.google.dev
domain:full:alkalicore-pa.clients6.google.com
domain:full:alkalimakersuite-pa.clients6.google.com
domain:gagadget.com
domain:gamesrepack.com
domain:gateway.bingviz.microsoftapp.net
domain:geforcenow.com
domain:gelbooru.com
domain:geller-pa.googleapis.com
domain:gemini.google.com
domain:generativeai.google
domain:generativelanguage.googleapis.com
domain:geni.us
domain:genius.com
domain:germania.one
domain:getoutline.com
domain:getoutline.org
domain:gfn.am
domain:ggpht.cn
domain:ggpht.com
domain:githubcopilot.com
domain:gitlab.com
domain:gitlab.io
domain:glpals.com
domain:gnome-look.org
domain:godaddy.com
domain:gofile.io
domain:golosameriki.com
domain:gonitro.com
domain:goodreads.com
domain:googletagmanager.com
domain:googlevideo.com
domain:gordonua.com
domain:gpsonextra.net
domain:gpt3-openai.com
domain:grafana.com
domain:grammarly.com
domain:grani.ru
domain:graty.me
domain:graylog.org
domain:grazie.ai
domain:grok.com
domain:groq.com
domain:groza.media
domain:gstatic.com
domain:gulagu.net
domain:habr.com
domain:hashicorp.com
domain:hdrezka.ac
domain:hdrezka.ag
domain:hdrezka.me
domain:healthline.com
domain:hetzner.com
domain:holod.media
domain:home-connect.com
domain:hostgator.com
domain:hostinger.com
domain:howlongtobeat.com
domain:hqporner.com
domain:hromadske.ua
domain:hrw.org
domain:hs.fi
domain:http-inputs-notion.splunkcloud.com
domain:huawei.com
domain:hwbot.org
domain:hyperhost.ua
domain:i.kym-cdn.com
domain:i.yting.com
domain:ibm.com
domain:ibytedtos.com
domain:idelreal.org
domain:ig.me
domain:ign.com
domain:iherb.com
domain:iichan.hk
domain:ill.in.ua
domain:ilook.tv
domain:image.tmdb.org
domain:important-stories.com
domain:in.appcenter.ms
domain:infineon.com
domain:instagram.com
domain:intel.com
domain:intel.de
domain:intellij.net
domain:interactivebrokers.co.uk
domain:interfax.com.ua
domain:internalfb.com
domain:intuit.com
domain:intuitibits.com
domain:ionos.com
domain:iptv.online
domain:is.fi
domain:island-of-pleasure.site
domain:istories.media
domain:itsmycity.ru
domain:jabra.com
domain:jamf.com
domain:jauns.lv
domain:jetbrains.com
domain:jnn-pa.googleapis.com
domain:jut-su.net
domain:jut.su
domain:kaktus.media
domain:kamatera.com
domain:kara.su
domain:kasparov.ru
domain:kavkaz-uzel.eu
domain:kavkazr.com
domain:kemono.party
domain:kemono.su
domain:kino.pub
domain:kinobase.org
domain:kinogo.la
domain:kinokopilka.pro
domain:kinovod.net
domain:kinozal.me
domain:kinozal.tv
domain:knews.kg
domain:knowyourmeme.com
domain:kolsar.org
domain:korrespondent.net
domain:kovcheg.live
domain:kpapp.link
domain:krymr.com
domain:kupujemprodajem.com
domain:lambdalabs.com
domain:lamcdn.net
domain:lampa.mx
domain:ldoceonline.com
domain:leica-geosystems.com
domain:lenovo.com
domain:lgbtnet.org
domain:lgincdnmsftuswe2.azureedge.net
domain:lgincdnvzeuno.azureedge.net
domain:lh3.googleusercontent.com
domain:libgen.rs
domain:licdn.com
domain:lidarr.audio
domain:linkedin.com
domain:linktr.ee
domain:linuxiac.com
domain:live.net
domain:livetv.sx
domain:localbitcoins.com
domain:locals.md
domain:location.microsoft.com
domain:lolz.guru
domain:lostfilm.run
domain:lostfilm.top
domain:lostfilm.tv
domain:lostfilm.win
domain:lostfilmtv2.site
domain:lostfilmtv5.site
domain:m3u.in
domain:macpaw.com
domain:macvendors.com
domain:mailo.com
domain:makenotion.zendesk.com
domain:makersuite.google.com
domain:malwarebytes.com
domain:mangadex.org
domain:mangahub.ru
domain:mangapark.net
domain:mattermost.com
domain:mbed.com
domain:mdza.io
domain:mediazona.ca
domain:mediazona.online
domain:medicalnewstoday.com
domain:medium.com
domain:meduza.io
domain:megapeer.ru
domain:memohrc.org
domain:meraki.com
domain:merezha.co
domain:meta.com
domain:metacritic.com
domain:metla.press
domain:microchip.com
domain:middlewareinventory.com
domain:mignews.com
domain:mindfactory.de
domain:mobile.events.data.microsoft.com
domain:mongodb.com
domain:mongodb.org
domain:monoprice.com
domain:monster.ie
domain:moscowtimes.ru
domain:mouser.com
domain:mouser.fi
domain:mrakopedia.net
domain:mullvad.net
domain:muscdn.com
domain:musical.ly
domain:mydoramy.club
domain:nasvsehtoshnit.ru
domain:navalny.com
domain:nba.com
domain:neformat.com.ua
domain:neputin.org
domain:netflix.com
domain:netlify.com
domain:networksolutions.com
domain:news.google.com
domain:newsru.co.il
domain:newsru.com
domain:newstudio.tv
domain:newtimes.ru
domain:nflxext.com
domain:nflximg.net
domain:nflxvideo.net
domain:nih.gov
domain:nike.com
domain:nitropdf.com
domain:nnmclub.to
domain:nnmstatic.win
domain:nordvpn.com
domain:notepad-plus-plus.org
domain:notifications-pa.googleapis.com
domain:notion-emojis.s3-us-west-2.amazonaws.com
domain:notion-static.com
domain:notion.com
domain:notion.site
domain:notion.so
domain:notionusercontent.com
domain:novaya.no
domain:novayagazeta.eu
domain:novayagazeta.ru
domain:ns-1475.awsdns-56.org
domain:ns-1574.awsdns-04.co.uk
domain:ns-440.awsdns-55.com
domain:ns-722.awsdns-26.net
domain:ntc.party
domain:nyaa.si
domain:oaistatic.com
domain:oaiusercontent.com
domain:oasis.app
domain:oculus.com
domain:ohmyswift.ru
domain:oi.legal
domain:okx.com
domain:olx.ua
domain:omv-extras.org
domain:on24.com
domain:onelink.me
domain:onetrust.com
domain:onlineradiobox.com
domain:onlinesim.io
domain:onlinesim.ru
domain:openai.com
domain:openai.fund
domain:openai.org
domain:openmedia.io
domain:opensea.io
domain:opentrackr.org
domain:opposition-news.com
domain:ovd.info
domain:ovd.legal
domain:ovd.news
domain:ovdinfo.org
domain:ozi-ru.org
domain:ozodi.org
domain:p16-tiktokcdn-com.akamaized.net
domain:pages.dev
domain:pandasecurity.com
domain:pap.pl
domain:paperpaper.io
domain:paperpaper.ru
domain:paraplan.net
domain:paraswap.io
domain:parsec.app
domain:patreon.com
domain:patriot.dp.ua
domain:paypal.com
domain:pb.wtf
domain:pcbway.com
domain:pcbway.ru
domain:pcgamesn.com
domain:pcmag.com
domain:periscope.tv
domain:pexels.com
domain:phncdn.com
domain:php.su
domain:piccy.info
domain:pingdom.com
domain:pixabay.com
domain:pixiv.net
domain:plab.site
domain:play.google.com
domain:polit.ru
domain:politiken.dk
domain:pornhub.com
domain:pornhub.org
domain:pornolab.net
domain:porsche.com
domain:portal.lviv.ua
domain:posle.media
domain:postfix.org
domain:postimees.ee
domain:pravda.com.ua
domain:privatekeys.pw
domain:prnt.sc
domain:proactivebackend-pa.googleapis.com
domain:proekt.media
domain:prosleduetmedia.com
domain:prostovpn.org
domain:proton.me
domain:protonmail.ch
domain:protonmail.com
domain:provereno.media
domain:proxy.flibusta.net
domain:pscdn.co
domain:pscp.tv
domain:psiphon.ca
domain:qt.io
domain:qualcomm.com
domain:quietpc.com
domain:quora.com
domain:quoracdn.com
domain:radarr.video
domain:radiosakharov.org
domain:radiosvoboda.org
domain:rbc.ua
domain:reactflow.dev
domain:realist.online
domain:reddxxx.com
domain:redgifs.com
domain:redis.com
domain:redis.io
domain:redshieldvpn.com
domain:redtube.com
domain:reestrgov.ru
domain:refactoring.guru
domain:refinitiv.com
domain:remove.bg
domain:republic.ru
domain:research.uber.com
domain:resp.app
domain:returnyoutubedislikeapi.com
domain:reuters.com
domain:rezka.ag
domain:rezka.my
domain:rezkify.com
domain:rezonans.media
domain:rferl.org
domain:riafan.ru
domain:roar-review.com
domain:root-nation.com
domain:rpt.usuppliers.uber.com
domain:rsf.org
domain:ruckuswireless.com
domain:rus-media.org
domain:rus.ec
domain:rustorka.com
domain:rutor.info
domain:rutor.is
domain:rutor.org
domain:rutracker.cc
domain:rutracker.net
domain:rutracker.org
domain:rutracker.ru
domain:s.youtubeeducation.com
domain:sakh.com
domain:sakhalin.info
domain:sakharovfoundation.org
domain:salesforce-experience.com
domain:salesforce-hub.com
domain:salesforce-scrt.com
domain:salesforce-setup.com
domain:salesforce-sites.com
domain:salesforce.com
domain:salesforceiq.com
domain:salesforceliveagent.com
domain:sap.com
domain:sapphire.api.microsoftapp.net
domain:saverudata.info
domain:saverudata.net
domain:scdn.co
domain:schaeffler.com
domain:screamingfrog.co.uk
domain:searchfloor.org
domain:seasonvar.ru
domain:sebeanus.online
domain:selezen.org
domain:self.events.data.microsoft.com
domain:semnasem.org
domain:serpstat.com
domain:servarr.com
domain:services.bingapis.com
domain:severreal.org
domain:sfdcopens.com
domain:shikimori.me
domain:shinyhardware.co.uk
domain:shiza-project.com
domain:showip.net
domain:sibreal.org
domain:simplix.info
domain:singlekey-id.com
domain:site.com
domain:skat.media
domain:skladchik.com
domain:skyscanner.com
domain:slashlib.me
domain:slavicsac.com
domain:slideshare.net
domain:smartbear.com
domain:smashwords.com
domain:snd.sc
domain:sndcdn.com
domain:snort.org
domain:snyk.io
domain:soapui.org
domain:sobesednik.com
domain:sobesednik.ru
domain:solarwinds.com
domain:sora.com
domain:soundcloud.cloud
domain:soundcloud.com
domain:sovetromantica.com
domain:spacelift.io
domain:spektr.press
domain:spoti.fi
domain:spotify-everywhere.com
domain:spotify.com
domain:spotify.design
domain:spotifycdn.com
domain:spotifycdn.net
domain:spotifycharts.com
domain:spotifycodes.com
domain:spotifyforbrands.com
domain:spotifyjobs.com
domain:spreadthesign.com
domain:sputnikipogrom.com
domain:squadbustersgame.com
domain:stalker2.com
domain:static.hdrezka.ac
domain:status.discord.com
domain:strana.news
domain:strana.today
domain:strava.com
domain:stulchik.net
domain:suggestqueries.google.com
domain:supercell.com
domain:suspilne.media
domain:svidomi.in.ua
domain:svoboda.org
domain:svoi.kr.ua
domain:svtv.org
domain:swagger.io
domain:sydney.bing.com
domain:sysdig.com
domain:t-ru.org
domain:t.co
domain:tableau.com
domain:tayga.info
domain:te-st.org
domain:teamviewer.com
domain:techpowerup.com
domain:telegraf.by
domain:telegraf.news
domain:telemetr.io
domain:tellapart.com
domain:terraform.io
domain:terrasoft.ua
domain:the-village.ru
domain:theaudiodb.com
domain:thebarentsobserver.com
domain:thebell.io
domain:theins.info
domain:theins.press
domain:theins.ru
domain:themoviedb.org
domain:thepiratebay.org
domain:thetruestory.news
domain:threads.net
domain:ti.com
domain:tidal.com
domain:tik-tokapi.com
domain:tiktok.com
domain:tiktokcdn-com.akamaized.net
domain:tiktokcdn-eu.com
domain:tiktokcdn-us.com
domain:tiktokcdn.com
domain:tiktokcdn.com.c.worldfcdn.com
domain:tiktokd.net
domain:tiktokd.org
domain:tiktokv.com
domain:tiktokv.us
domain:tiktokw.us
domain:timberland.com
domain:tjournal.ru
domain:tmdb-image-prod.b-cdn.net
domain:tmdb.com
domain:tmdb.org
domain:torproject.org
domain:torrent.by
domain:torrentgalaxy.to
domain:tpucdn.com
domain:tracker.wf
domain:trailblazer.me
domain:trailhead.com
domain:translyaciya.com
domain:trellix.com
domain:tsmc.com
domain:ttwstatic.com
domain:tutanota.com
domain:tvfreedom.io
domain:tvrain.ru
domain:tvrain.tv
domain:tweetdeck.com
domain:twimg.com
domain:twirpx.com
domain:twitpic.com
domain:twitter.biz
domain:twitter.com
domain:twitter.jp
domain:twittercommunity.com
domain:twitterflightschool.com
domain:twitterinc.com
domain:twitteroauth.com
domain:twitterstat.us
domain:twtrdns.net
domain:twttr.com
domain:twttr.net
domain:twvid.com
domain:ua
domain:ufile.io
domain:ukr.radio
domain:underver.se
domain:unian.net
domain:unian.ua
domain:uniongang.tv
domain:updates.discord.com
domain:upwork.com
domain:usa.one
domain:vectorworks.net
domain:veeam.com
domain:velocidrone.com
domain:verstka.media
domain:vesma.one
domain:vesma.today
domain:vesty.co.il
domain:video-akpcw-cdn-spotify-com.akamaized.net
domain:video-analytics.google.com
domain:videocardz.com
domain:videocardz.net
domain:vine.co
domain:vipdrive.net
domain:vndb.org
domain:voanews.com
domain:voidboost.cc
domain:vot-tak.tv
domain:voynaplemyon.com
domain:vpngate.net
domain:vpngen.org
domain:vpnlove.me
domain:vrv.co
domain:vyos.io
domain:walmart.com
domain:watchguard.com
domain:weather.com
domain:weblance.com.ua
domain:welt.de
domain:wetransfer.com
domain:wheather.com
domain:wide-youtube.l.google.com
domain:wikiart.org
domain:wikidot.com
domain:wilsoncenter.org
domain:windguru.cz
domain:withyoutube.com
domain:wixmp.com
domain:wk.cz
domain:wonderzine.com
domain:wpengine.com
domain:wunderground.com
domain:www.androidpolice.com
domain:www.discord.com
domain:www.gstatic.com
domain:www.youtube-nocookie.com
domain:www.youtubeeducation.com
domain:www.youtubegaming.com
domain:x.ai
domain:x.com
domain:xdaforums.com
domain:xhamster.com
domain:xhamsterlive.com
domain:xnxx.com
domain:xsts.auth.xboxlive.com
domain:xtracloud.net
domain:xv-ru.com
domain:xvideos-cdn.com
domain:xvideos.com
domain:yaoilib.me
domain:yle.fi
domain:youtu.be
domain:youtube-nocookie.com
domain:youtube-ui.l.google.com
domain:youtube.com
domain:youtube.googleapis.com
domain:youtube.ru
domain:youtubeeducation.com
domain:youtubeembeddedplayer.googleapis.com
domain:youtubefanfest.com
domain:youtubegaming.com
domain:youtubego.com
domain:youtubei.googleapis.com
domain:youtubekids.com
domain:youtubemobilesupport.com
domain:yt-video-upload.l.google.com
domain:yt.be
domain:yt1.googleusercontent.com
domain:yt2.googleusercontent.com
domain:yt3.googleusercontent.com
domain:ytimg.com
domain:ytimg.l.google.com
domain:yummyani.me
domain:zahav.ru
domain:zannn.top
domain:zedge.net
domain:zendesk.com
domain:zerkalo.io
domain:zerossl.com
domain:zetalliance.org
domain:zetfix.online
domain:zetflix.online
domain:zf.com
domain:znanija.com
domain:zohomail.com
domain:zona.media
domain:zoomadmin.com
