domain:10minutemail.com
domain:1337x.to
domain:178.238.223.35.bc.googleusercontent.com
domain:24.kg
domain:2ip.io
domain:3.basecampapi.com
domain:37signals.com
domain:4freerussia.org
domain:4pda.ru
domain:4pda.to
domain:4pda.ws
domain:4pna.com
domain:555-173-403gv.video-ik-ok-ii.xyz
domain:5sim.net
domain:7tv.app
domain:7tv.io
domain:9tv.co.il
domain:a-msedge.net
domain:abercrombie.com
domain:abook-club.ru
domain:account-tiktok.com
domain:acctcdnmsftuswe2.azureedge.net
domain:acctcdnvzeuno.azureedge.net
domain:activatica.org
domain:adguard-dns.com
domain:adguard.com
domain:adidas.com
domain:adminforge.de
domain:adobe.activate.com
domain:adobe.com
domain:adobe.de
domain:adobe.io
domain:adobe.ipp
domain:adobe.net
domain:adobe.newoa
domain:adobe.ntp
domain:adobedtm.com
domain:adobeereg.com
domain:adobegenuine.com
domain:adobejanus.com
domain:adobelogin.com
domain:ads-pixiv.net
domain:ads-twitter.com
domain:adultmult.tv
domain:agents.media
domain:agentura.ru
domain:ahrefs.com
domain:ai.com
domain:aistudio.google.com
domain:alberta.ca
domain:allegro.pl
domain:alphacoders.com
domain:alza.hu
domain:amazfitwatchfaces.com
domain:amazonaws.com
domain:amd.com
domain:amdm.ru
domain:amedia.site
domain:amnezia.org
domain:amx.com
domain:analog.com
domain:androidpolice.com
domain:anidub.com
domain:anidub.pro
domain:anilibria.tv
domain:anilibria.uno
domain:animaunt.org
domain:anime-portal.su
domain:animebest.org
domain:animedia.tv
domain:animego.org
domain:animespirit.ru
domain:anistar.org
domain:anistars.ru
domain:annas-archive.org
domain:anthropic.com
domain:antiwar.in
domain:aol.com
domain:api-iam.intercom.io
domain:api.gcs.garmin.com
domain:api.github.com
domain:api.jetbrains.ai
domain:api.service-kp.com
domain:api16-core-ie.tiktokv.eu
domain:api16-normal-ie.tiktokv.eu
domain:aplawrence.com
domain:apps.canva-apps.com
domain:appspot.com
domain:appstorrent.ru
domain:aqicn.org
domain:arabicstatic.naukimg.com
domain:arbat.media
domain:archive.ph
domain:archiveofourown.org
domain:arn11s04-in-f3.1e100.net
domain:arn11s11-in-f14.1e100.net
domain:as6723.net
domain:assets.heroku.com
domain:assets.strpst.com
domain:assistant.femetrics.grammarly.io
domain:astra.press
domain:atlassian.com
domain:att.com
domain:auphonic.com
domain:autodesk.com
domain:autodiscover.naukimg.com
domain:avira.com
domain:aws.amazon.com
domain:azathabar.com
domain:azattyq.org
domain:babook.org
domain:baginya.org
domain:baikal-journal.ru
domain:bard.google.com
domain:basecamp.com
domain:bato.to
domain:bbc.co.uk
domain:bbc.com
domain:bbci.co.uk
domain:bcbits.com
domain:beeg.com
domain:bell-sw.com
domain:bellingcat.com
domain:bestbuy.com
domain:bestchange.net
domain:bestchange.ru
domain:bf3-204-206gv.video-ik-ok-ii.xyz
domain:bgpmon.net
domain:bihus.info
domain:bing.com
domain:bitbucket.org
domain:bitcoin.org
domain:bitdefender.com
domain:bitru.org
domain:blackseanews.net
domain:blinkshot.io
domain:bluehost.com
domain:bms.naukimg.com
domain:booktracker.org
domain:boosteroid.com
domain:booth.pm
domain:bosch-home.com
domain:botnadzor.org
domain:bradyid.com
domain:brave.com
domain:brawlstarsgame.com
domain:broadcom.com
domain:broncosportforum.com
domain:browser.events.data.microsoft.com
domain:bsync-ie.tiktokv.eu
domain:bt.booktracker.work
domain:btdig.com
domain:btod.com
domain:buanzo.org
domain:buckaroo.nl
domain:buf.build
domain:bungiestore.com
domain:buymeacoffee.com
domain:byspotify.com
domain:byteoversea.com
domain:cambiumnetworks.com
domain:canva.com
domain:canva.dev
domain:capacitorjs.com
domain:capcut.com
domain:carnegieendowment.org
domain:carrefouruae.com
domain:cats.com
domain:cbilling.eu
domain:cbilling.vip
domain:cdn-185-199-109-133.github.com
domain:cdn-185-199-111-133.github.com
domain:cdn.betterttv.net
domain:cdn.sapphire.microsoftapp.net
domain:cdn.web-platform.io
domain:cdn77-pic.xnxx-cdn.com
domain:cdnbunny.org
domain:cdninstagram.com
domain:cdromance.org
domain:cdw.com
domain:ce1-048-404gv.video-ik-ok-ii.xyz
domain:censortracker.org
domain:certifytheweb.com
domain:chaos.com
domain:chat.com
domain:chatgpt.com
domain:chaturbate.com
domain:cherta.media
domain:chess.com
domain:cisco.com
domain:citrix.com
domain:clamav.net
domain:clashofclans.com
domain:clashroyaleapp.com
domain:claude.ai
domain:claudeusercontent.com
domain:clickup.com
domain:clip.opus.pro
domain:cloud.kodik-cdn.com
domain:cloud.kodik-storage.com
domain:cloudflare-dns.com
domain:cloudflare-ech.com
domain:cms-twdigitalassets.com
domain:cnd2exp.online
domain:cock.li
domain:codeium.com
domain:coingate.com
domain:coinpayments.net
domain:coinsbee.com
domain:coldfilm.xyz
domain:colta.ru
domain:community.sophos.com
domain:connect.garmin.com
domain:connectapi.garmin.com
domain:contabo.com
domain:coomer.su
domain:copilot-proxy.githubusercontent.com
domain:copilot-telemetry.githubusercontent.com
domain:copilot.microsoft.com
domain:corsair.com
domain:coursera.org
domain:cpu-monkey.com
domain:credly.com
domain:crunchyroll.com
domain:css.naukimg.com
domain:cub.red
domain:cub.rip
domain:currenttime.tv
domain:cursorinfo.co.il
domain:cvedetails.com
domain:cyberghostvpn.com
domain:cyxymu.info
domain:czx.to
domain:daemon-tools.cc
domain:data-cdn.mbamupdates.com
domain:datalore.io
domain:decrypt.day
domain:deepmind.com
domain:deepmind.google
domain:deepstatemap.live
domain:deezer.com
domain:delfi.ee
domain:delfi.lt
domain:delfi.lv
domain:dell.com
domain:dellcdn.com
domain:depositphotos.com
domain:designer.microsoft.com
domain:designify.com
domain:developer.nvidia.com
domain:deviantart.com
domain:devops.com
domain:digikey.com
domain:digitalcontent.sky
domain:digitalocean.com
domain:dis.gd
domain:disboard.org
domain:discord-activities.com
domain:discord-attachments-uploads-prd.storage.googleapis.com
domain:discord.center
domain:discord.co
domain:discord.com
domain:discord.design
domain:discord.dev
domain:discord.gg
domain:discord.gift
domain:discord.gifts
domain:discord.me
domain:discord.media
domain:discord.new
domain:discord.st
domain:discord.store
domain:discord.tools
domain:discordInvites.net
domain:discordactivities.com
domain:discordapp.com
domain:discordapp.io
domain:discordapp.net
domain:discordapp.org
domain:discordbee.com
domain:discordbotlist.com
domain:discordcdn.com
domain:discordexpert.com
domain:discordhome.com
domain:discordhub.com
domain:discordlist.me
domain:discordlist.space
domain:discordmerch.com
domain:discordpartygames.com
domain:discords.com
domain:discordsays.com
domain:discordservers.com
domain:discordstatus.com
domain:discordtop.com
domain:discours.io
domain:disctech.com
domain:disforge.com
domain:disneyplus.com
domain:dobrochan.net
domain:docs.liquibase.com
domain:donmai.us
domain:dorama.live
domain:doramalive.ru
domain:doramy.club
domain:dovod.online
domain:downloads.intercomcdn.com
domain:doxa.team
domain:doxajournal.ru
domain:dpidetector.org
domain:dreamhost.com
domain:ducati.com
domain:duolingo.com
domain:dw.com
domain:dyno.gg
domain:e621.net
domain:eagle.sapphire.microsoftapp.net
domain:ec3-9e8-200gv.video-ik-ok-ii.xyz
domain:echofm.online
domain:edge.microsoft.com
domain:editor.femetrics.grammarly.io
domain:edu-cisco.org
domain:ef.com
domain:ef.edu
domain:eggertspiele.de
domain:ehorussia.com
domain:ei.rdtcdn.com
domain:ej.ru
domain:ekhokavkaza.com
domain:elastic.co
domain:element14.com
domain:elevenlabs.io
domain:envato.com
domain:envatousercontent.com
domain:epidemz.net.co
domain:err.ee
domain:etsy.com
domain:euronews.com
domain:euroradio.fm
domain:eutrp.eu
domain:ev-ph.rdtcdn.com
domain:event.pixiv-recommend.net
domain:everand.com
domain:exler.ru
domain:expres.online
domain:extremetech.com
domain:f-log-editor.grammarly.io
domain:f1.com
domain:f95-zone.to
domain:f95zone.to
domain:facebook.com
domain:facebook.com.es
domain:facebook.com.vn
domain:facebook.fr
domain:facebook.net
domain:fanbox.cc
domain:fast-torrent.club
domain:fast.com
domain:fastly.net
domain:fb.com
domain:fb.me
domain:fbcdn.net
domain:fbsbx.com
domain:feedcdn.sapphire.microsoftapp.net
domain:fex.net
domain:ficbook.net
domain:filmitorrent.net
domain:filmix.ac
domain:filmix.biz
domain:filmix.day
domain:filmix.fm
domain:filmix.la
domain:findAdiscord.com
domain:flibusta.is
domain:flibusta.net
domain:flipboard.com
domain:flir.com
domain:flir.eu
domain:flourish.studio
domain:fls.guru
domain:fluke.com
domain:flukenetworks.com
domain:fn-volga.ru
domain:fonge.org
domain:footballapi.pulselive.com
domain:force-user-content.com
domain:force.com
domain:fork.pet
domain:forklog.com
domain:formula1.com
domain:fortanga.org
domain:forum.netgate.com
domain:forum.ru-board.com
domain:foxnews.com
domain:fpt2.microsoft.com
domain:framer.com
domain:freedomletters.org
domain:freeimages.com
domain:freemedia.io
domain:full:ai.google.dev
domain:full:alkalicore-pa.clients6.google.com
domain:full:alkalimakersuite-pa.clients6.google.com
domain:g2a.com
domain:gagadget.com
domain:gamedistribution.com
domain:gamesrepack.com
domain:gaming.amazon.com
domain:gateway.bingviz.microsoftapp.net
domain:geforcenow.com
domain:gelbooru.com
domain:geller-pa.googleapis.com
domain:gemini.google.com
domain:generativeai.google
domain:generativelanguage.googleapis.com
domain:geni.us
domain:genius.com
domain:germania.one
domain:getoutline.com
domain:getoutline.org
domain:getsentry.net
domain:gfn.am
domain:ggpht.cn
domain:ggpht.com
domain:ghostrc.game.idtech.services
domain:githubcopilot.com
domain:gitlab.com
domain:gitlab.io
domain:global.fncstatic.com
domain:glpals.com
domain:gnome-look.org
domain:godaddy.com
domain:gofile.io
domain:gofundme.com
domain:golosameriki.com
domain:gonitro.com
domain:goodreads.com
domain:googletagmanager.com
domain:googlevideo.com
domain:gordonua.com
domain:gpsonextra.net
domain:gpt3-openai.com
domain:gr-assets.com
domain:grafana.com
domain:grammarly.com
domain:grani.ru
domain:graty.me
domain:graylog.org
domain:grazie.ai
domain:grok.com
domain:groq.com
domain:groupon.com
domain:groza.media
domain:gstatic.com
domain:gtagarage.com
domain:gts.byteoversea.net
domain:guilded.gg
domain:gulagu.net
domain:gvt1.com
domain:habr.com
domain:hackernoon.com
domain:hackmd.io
domain:halooglasi.com
domain:hashicorp.com
domain:hath.network
domain:hbomax.com
domain:hdkinoteatr.com
domain:hdrezka.ac
domain:hdrezka.ag
domain:hdrezka.cm
domain:hdrezka.me
domain:healthline.com
domain:hellonotion.com
domain:hentai-foundry.com
domain:hentaichan.live
domain:herokucdn.com
domain:hetzner.com
domain:hollisterco.com
domain:holod.media
domain:home-connect.com
domain:hostgator.com
domain:hostinger.com
domain:hotels.com
domain:howlongtobeat.com
domain:hqporner.com
domain:hrw.org
domain:hs.fi
domain:htmhell.dev
domain:http-inputs-notion.splunkcloud.com
domain:huawei.com
domain:hwbot.org
domain:i.kym-cdn.com
domain:i.yting.com
domain:ibm.com
domain:ibytedtos.com
domain:ic-vt-nss.xhcdn.com
domain:idelreal.org
domain:iedb.org
domain:ig.me
domain:ign.com
domain:iherb.com
domain:iichan.hk
domain:ilook.tv
domain:images.chesscomfiles.com
domain:images.prismic.io
domain:img.naukimg.com
domain:img.strpst.com
domain:important-stories.com
domain:in.appcenter.ms
domain:indiehackers.com
domain:infineon.com
domain:infinitenovel.eu
domain:instagram-p3-shv-01-hel3.fbcdn.com
domain:instagram.com
domain:install.launcher.omniverse.nvidia.com
domain:intel.com
domain:intel.de
domain:intel.nl
domain:intelix.sophos.com
domain:intellij.com
domain:intellij.net
domain:intellij.org
domain:interactivebrokers.co.uk
domain:internalfb.com
domain:intuit.com
domain:intuitibits.com
domain:ionos.com
domain:ipburger.com
domain:iptv.online
domain:is.fi
domain:island-of-pleasure.site
domain:isnssdk.com
domain:istories.media
domain:itdog.info
domain:itninja.com
domain:itsmycity.ru
domain:jabra.com
domain:jamf.com
domain:jauns.lv
domain:jb.gg
domain:jetbrains.com
domain:jetbrains.com.cn
domain:jetbrains.dev
domain:jetbrains.net
domain:jetbrains.org
domain:jetbrains.ru
domain:jetbrains.space
domain:jetbrains.team
domain:jnn-pa.googleapis.com
domain:js.intercomcdn.com
domain:js.naukimg.com
domain:jut-su.net
domain:jut.su
domain:kaktus.media
domain:kamatera.com
domain:kara.su
domain:kasparov.ru
domain:kavkaz-uzel.eu
domain:kavkazr.com
domain:kemono.party
domain:kemono.su
domain:keysight.com
domain:kino.pub
domain:kinobase.org
domain:kinogo.ec
domain:kinogo.la
domain:kinogo.uk
domain:kinokopilka.pro
domain:kinovod.net
domain:kinovod.pro
domain:kinozal.guru
domain:kinozal.me
domain:kinozal.tv
domain:kmail-lists.com
domain:knews.kg
domain:knowyourmeme.com
domain:kodik-add.com
domain:kodik.info
domain:kodikapi.com
domain:kodikdb.com
domain:kolsar.org
domain:korrespondent.net
domain:kotl.in
domain:kotlinconf.com
domain:kotlinlang.org
domain:kovcheg.live
domain:kpapp.link
domain:krymr.com
domain:ktor.io
domain:kupujemprodajem.com
domain:lambdalabs.com
domain:lamcdn.net
domain:lampa.mx
domain:lb-140-82-121-3-fra.github.com
domain:lb-140-82-121-4-fra.github.com
domain:ldoceonline.com
domain:leafletjs.com
domain:leica-geosystems.com
domain:lenovo.com
domain:lf1-ttcdn-tos.pstatp.com
domain:lgbtnet.org
domain:lgincdnmsftuswe2.azureedge.net
domain:lgincdnvzeuno.azureedge.net
domain:lh3.googleusercontent.com
domain:libgen.li
domain:libgen.rs
domain:libra16-normal-ie.tiktokv.eu
domain:licdn.com
domain:lidarr.audio
domain:lifehacker.com
domain:lightning.ai
domain:linear.app
domain:linkedin.com
domain:linktr.ee
domain:linuxiac.com
domain:live.demand.supply
domain:live.net
domain:livetv.sx
domain:liveuamap.com
domain:localbitcoins.com
domain:locals.md
domain:location.microsoft.com
domain:log16-normal-ie.tiktokv.eu
domain:lolz.guru
domain:lookerstudio.google.com
domain:lostfilm.run
domain:lostfilm.top
domain:lostfilm.tv
domain:lostfilm.win
domain:lostfilmtv2.site
domain:lostfilmtv5.site
domain:lucid.app
domain:m3u.in
domain:macpaw.com
domain:macvendors.com
domain:mailfence.com
domain:mailo.com
domain:make.com
domain:makersuite.google.com
domain:malwarebytes.com
domain:mangadex.org
domain:mangahub.ru
domain:mangapark.net
domain:mashable.com
domain:mattermost.com
domain:max.com
domain:mbed.com
domain:mchost.guru
domain:mdza.io
domain:mediazona.ca
domain:mediazona.online
domain:medicalnewstoday.com
domain:medium.com
domain:meduza.io
domain:mee6.xyz
domain:megapeer.ru
domain:megapeer.vip
domain:memohrc.org
domain:memopzk.org
domain:memorialcenter.org
domain:meraki.com
domain:merezha.co
domain:messenger-apps.intercom.io
domain:messenger.com
domain:meta.com
domain:metacritic.com
domain:metal-archives.com
domain:metla.press
domain:microchip.com
domain:middlewareinventory.com
domain:mignews.com
domain:mindfactory.de
domain:miro.com
domain:mirostatic.com
domain:mixcloud.com
domain:mobile.events.data.microsoft.com
domain:modsfire.com
domain:mongodb.com
domain:mongodb.org
domain:monoprice.com
domain:monster.ie
domain:more.fm
domain:moscowtimes.ru
domain:mouser.com
domain:mouser.fi
domain:mrakopedia.net
domain:mssdk16-normal-ie.tiktokv.eu
domain:mssg.me
domain:mullvad.net
domain:multporn.net
domain:muscdn.com
domain:musemuse.cn
domain:musical.ly
domain:mydoramy.club
domain:myheritage.com
domain:myjetbrains.com
domain:nasvsehtoshnit.ru
domain:naukri.com
domain:navalny.com
domain:nba.com
domain:neo4j.com
domain:neputin.org
domain:netflix.ca
domain:netflix.com
domain:netflix.com.au
domain:netflix.net
domain:netflixdnstest1.com
domain:netflixdnstest10.com
domain:netflixdnstest2.com
domain:netflixdnstest3.com
domain:netflixdnstest4.com
domain:netflixdnstest5.com
domain:netflixdnstest6.com
domain:netflixdnstest7.com
domain:netflixdnstest8.com
domain:netflixdnstest9.com
domain:netflixinvestor.com
domain:netflixstudios.com
domain:netflixtechblog.com
domain:netlify.com
domain:networksolutions.com
domain:newark.com
domain:news.google.com
domain:newsru.co.il
domain:newsru.com
domain:newstudio.tv
domain:newtimes.ru
domain:nexus-websocket-a.intercom.io
domain:nfl.com
domain:nflxext.com
domain:nflximg.com
domain:nflximg.net
domain:nflxsearch.net
domain:nflxso.net
domain:nflxvideo.net
domain:ngrok.com
domain:nhentai.com
domain:nhl.com
domain:nih.gov
domain:nike.com
domain:nippon.com
domain:nitropdf.com
domain:nnmclub.to
domain:nnmstatic.win
domain:nordaccount.com
domain:nordcdn.com
domain:nordvpn.com
domain:notebooklm.google
domain:notepad-plus-plus.org
domain:notifications-pa.googleapis.com
domain:notion-media.com
domain:notion-static.com
domain:notion.ai
domain:notion.com
domain:notion.dev
domain:notion.new
domain:notion.site
domain:notion.so
domain:notionup.com
domain:notionusercontent.com
domain:novaline.fm
domain:novaya.no
domain:novayagazeta.eu
domain:novayagazeta.ru
domain:np.naukimg.com
domain:ns-1475.awsdns-56.org
domain:ns-1574.awsdns-04.co.uk
domain:ns-440.awsdns-55.com
domain:ns-722.awsdns-26.net
domain:ntc.party
domain:ntp.msn.com
domain:nxp.com
domain:nyaa.land
domain:nyaa.si
domain:oaistatic.com
domain:oaiusercontent.com
domain:oasis.app
domain:ocstore.com
domain:oculus.com
domain:ohmyswift.ru
domain:oi.legal
domain:okx.com
domain:omnissa.com
domain:omt.garmin.com
domain:omv-extras.org
domain:on24.com
domain:onelink.me
domain:onetrust.com
domain:onfastspring.com
domain:onlineradiobox.com
domain:onlinesim.io
domain:onlinesim.ru
domain:onshape.com
domain:open.stealth.si
domain:openai.com
domain:openai.com.cdn.cloudflare.net
domain:openai.fund
domain:openai.org
domain:openaiapi-site.azureedge.net
domain:openaicom-api-bdcpf8c6d2e9atf6.z01.azurefd.net
domain:openaicomproductionae4b.blob.core.windows.net
domain:openmedia.io
domain:opensea.io
domain:opentrackr.org
domain:opposition-news.com
domain:oracle.com
domain:ovd.info
domain:ovd.legal
domain:ovd.news
domain:ovdinfo.legal
domain:ovdinfo.org
domain:ozi-ru.org
domain:ozodi.org
domain:p.naukimg.com
domain:p1-tt-ipv6.byteimg.com
domain:p1-tt.byteimg.com
domain:p16-ad-sg.ibyteimg.com
domain:p16-tiktok-sg.ibyteimg.com
domain:p16-tiktok-sign-va-h2.ibyteimg.com
domain:p16-tiktok-va-h2.ibyteimg.com
domain:p16-tiktok-va.ibyteimg.com
domain:p16-tiktokcdn-com.akamaized.net
domain:p16-va-tiktok.ibyteimg.com
domain:p26-tt.byteimg.com
domain:p3-tt-ipv6.byteimg.com
domain:p9-tt.byteimg.com
domain:pages.dev
domain:pandasecurity.com
domain:pap.pl
domain:paperagency.team
domain:paperpaper.io
domain:paperpaper.ru
domain:papersupport.ru
domain:paraplan.net
domain:paraswap.io
domain:parsec.app
domain:pastela.app
domain:patreon.com
domain:paypal.com
domain:pb.wtf
domain:pbs.twimg.com.akamaized.net
domain:pcbway.com
domain:pcbway.ru
domain:pcgamesn.com
domain:pcmag.com
domain:pdq.com
domain:periscope.tv
domain:pexels.com
domain:phncdn.com
domain:phncdn.com.sds.rncdn7.com
domain:php.su
domain:piccy.info
domain:pimpletv.ru
domain:pingdom.com
domain:piratbit.top
domain:pixabay.com
domain:pixiv.co.jp
domain:pixiv.me
domain:pixiv.net
domain:pixiv.org
domain:pixivision.net
domain:plab.site
domain:platform.activestate.com
domain:play.google.com
domain:playboy.com
domain:plugshare.com
domain:polit.ru
domain:politico.eu
domain:politiken.dk
domain:polymarket.com
domain:pornhub.com
domain:pornhub.org
domain:pornolab.net
domain:porsche.com
domain:posle.media
domain:postfix.org
domain:postimees.ee
domain:pravda.com
domain:premierleague.com
domain:previews.externulls.com
domain:primevideo.com
domain:privatekeys.pw
domain:prnt.sc
domain:proactivebackend-pa.googleapis.com
domain:production-openaicom-storage.azureedge.net
domain:proekt.media
domain:prosleduetmedia.com
domain:prostovpn.org
domain:proton-me.cdn.prismic.io
domain:proton.me
domain:protonmail.ch
domain:protonmail.com
domain:protonvpn.com
domain:provereno.media
domain:prowlarr.com
domain:proxyline.net
domain:proxyscrape.com
domain:pscdn.co
domain:pscp.tv
domain:psiphon.ca
domain:pull-f3-hs.pstatp.com
domain:pull-f5-hs.flive.pstatp.com
domain:pull-f5-hs.pstatp.com
domain:pull-f5-mus.pstatp.com
domain:pull-flv-f1-hs.pstatp.com
domain:pull-flv-f6-hs.pstatp.com
domain:pull-flv-l1-hs.pstatp.com
domain:pull-flv-l1-mus.pstatp.com
domain:pull-flv-l6-hs.pstatp.com
domain:pull-hls-l1-mus.pstatp.com
domain:pull-l3-hs.pstatp.com
domain:pull-rtmp-f1-hs.pstatp.com
domain:pull-rtmp-f6-hs.pstatp.com
domain:pull-rtmp-l1-hs.pstatp.com
domain:pull-rtmp-l1-mus.pstatp.com
domain:pull-rtmp-l6-hs.pstatp.com
domain:pximg.net
domain:qsbr.cf2.quoracdn.net
domain:qt.io
domain:qualcomm.com
domain:quic-tiktok-core-proxy-i18n-gcpva.byteoversea.net
domain:quic-tiktok-proxy-i18n-gcpva.byteoversea.net
domain:quickconnect.to
domain:quietpc.com
domain:quora.com
domain:quora.com.cdn.cloudflare.net
domain:quoracdn.com
domain:r100104.yandexwebcache.org
domain:r100201.yandexwebcache.org
domain:r100205.yandexwebcache.org
domain:r100208.yandexwebcache.org
domain:r100701.yandexwebcache.org
domain:r10101.yandexwebcache.org
domain:r10102.yandexwebcache.org
domain:r10104.yandexwebcache.org
domain:r10106.yandexwebcache.org
domain:r10112.yandexwebcache.org
domain:r10113.yandexwebcache.org
domain:r10201.yandexwebcache.org
domain:r10202.yandexwebcache.org
domain:r111102.yandexwebcache.org
domain:r111103.yandexwebcache.org
domain:r111107.yandexwebcache.org
domain:r111111.yandexwebcache.org
domain:r111113.yandexwebcache.org
domain:r111114.yandexwebcache.org
domain:r111201.yandexwebcache.org
domain:r170101.yandexwebcache.org
domain:r170102.yandexwebcache.org
domain:r170103.yandexwebcache.org
domain:r170104.yandexwebcache.org
domain:r170105.yandexwebcache.org
domain:r170106.yandexwebcache.org
domain:r170107.yandexwebcache.org
domain:r170108.yandexwebcache.org
domain:r170203.yandexwebcache.org
domain:r170204.yandexwebcache.org
domain:r180102.yandexwebcache.org
domain:r180105.yandexwebcache.org
domain:r180107.yandexwebcache.org
domain:r180201.yandexwebcache.org
domain:r180202.yandexwebcache.org
domain:r180203.yandexwebcache.org
domain:r180204.yandexwebcache.org
domain:r180301.yandexwebcache.org
domain:r180302.yandexwebcache.org
domain:r180701.yandexwebcache.org
domain:r190101.yandexwebcache.org
domain:r190102.yandexwebcache.org
domain:r190103.yandexwebcache.org
domain:r190104.yandexwebcache.org
domain:r190105.yandexwebcache.org
domain:r190108.yandexwebcache.org
domain:r190109.yandexwebcache.org
domain:r190110.yandexwebcache.org
domain:r190202.yandexwebcache.org
domain:r210101.yandexwebcache.org
domain:r210102.yandexwebcache.org
domain:r210103.yandexwebcache.org
domain:r210104.yandexwebcache.org
domain:r210107.yandexwebcache.org
domain:r210108.yandexwebcache.org
domain:r210202.yandexwebcache.org
domain:r210203.yandexwebcache.org
domain:r220101.yandexwebcache.org
domain:r220105.yandexwebcache.org
domain:r220106.yandexwebcache.org
domain:r220107.yandexwebcache.org
domain:r220108.yandexwebcache.org
domain:r220109.yandexwebcache.org
domain:r220110.yandexwebcache.org
domain:r220111.yandexwebcache.org
domain:r220201.yandexwebcache.org
domain:r22106.yandexwebcache.org
domain:r22107.yandexwebcache.org
domain:r22111.yandexwebcache.org
domain:r22112.yandexwebcache.org
domain:r22119.yandexwebcache.org
domain:r22120.yandexwebcache.org
domain:r22121.yandexwebcache.org
domain:r22201.yandexwebcache.org
domain:r240104.yandexwebcache.org
domain:r240105.yandexwebcache.org
domain:r240106.yandexwebcache.org
domain:r240108.yandexwebcache.org
domain:r240110.yandexwebcache.org
domain:r240201.yandexwebcache.org
domain:r250103.yandexwebcache.org
domain:r250106.yandexwebcache.org
domain:r250107.yandexwebcache.org
domain:r250108.yandexwebcache.org
domain:r250109.yandexwebcache.org
domain:r250110.yandexwebcache.org
domain:r250202.yandexwebcache.org
domain:r260102.yandexwebcache.org
domain:r260103.yandexwebcache.org
domain:r260104.yandexwebcache.org
domain:r260105.yandexwebcache.org
domain:r260107.yandexwebcache.org
domain:r260302.yandexwebcache.org
domain:r260501.yandexwebcache.org
domain:r270102.yandexwebcache.org
domain:r270103.yandexwebcache.org
domain:r270105.yandexwebcache.org
domain:r270106.yandexwebcache.org
domain:r270203.yandexwebcache.org
domain:r270301.yandexwebcache.org
domain:r280101.yandexwebcache.org
domain:r280102.yandexwebcache.org
domain:r280103.yandexwebcache.org
domain:r280104.yandexwebcache.org
domain:r280105.yandexwebcache.org
domain:r280106.yandexwebcache.org
domain:r280107.yandexwebcache.org
domain:r280108.yandexwebcache.org
domain:r280201.yandexwebcache.org
domain:r280501.yandexwebcache.org
domain:r290101.yandexwebcache.org
domain:r290102.yandexwebcache.org
domain:r290103.yandexwebcache.org
domain:r290105.yandexwebcache.org
domain:r290106.yandexwebcache.org
domain:r290107.yandexwebcache.org
domain:r290108.yandexwebcache.org
domain:r290109.yandexwebcache.org
domain:r290201.yandexwebcache.org
domain:r300101.yandexwebcache.org
domain:r300102.yandexwebcache.org
domain:r300103.yandexwebcache.org
domain:r300104.yandexwebcache.org
domain:r300105.yandexwebcache.org
domain:r300106.yandexwebcache.org
domain:r300108.yandexwebcache.org
domain:r302.yandexwebcache.org
domain:r303.yandexwebcache.org
domain:r304.yandexwebcache.org
domain:r305.yandexwebcache.org
domain:r306.yandexwebcache.org
domain:r308.yandexwebcache.org
domain:r309.yandexwebcache.org
domain:r310.yandexwebcache.org
domain:r310101.yandexwebcache.org
domain:r310102.yandexwebcache.org
domain:r310103.yandexwebcache.org
domain:r310104.yandexwebcache.org
domain:r310105.yandexwebcache.org
domain:r310106.yandexwebcache.org
domain:r310201.yandexwebcache.org
domain:r310202.yandexwebcache.org
domain:r310301.yandexwebcache.org
domain:r310302.yandexwebcache.org
domain:r320101.yandexwebcache.org
domain:r320102.yandexwebcache.org
domain:r320103.yandexwebcache.org
domain:r320106.yandexwebcache.org
domain:r320107.yandexwebcache.org
domain:r320302.yandexwebcache.org
domain:r320501.yandexwebcache.org
domain:r320601.yandexwebcache.org
domain:r330101.yandexwebcache.org
domain:r330105.yandexwebcache.org
domain:r330106.yandexwebcache.org
domain:r330107.yandexwebcache.org
domain:r330108.yandexwebcache.org
domain:r330109.yandexwebcache.org
domain:r330110.yandexwebcache.org
domain:r330201.yandexwebcache.org
domain:r330202.yandexwebcache.org
domain:r330203.yandexwebcache.org
domain:r340101.yandexwebcache.org
domain:r340103.yandexwebcache.org
domain:r340105.yandexwebcache.org
domain:r340107.yandexwebcache.org
domain:r340202.yandexwebcache.org
domain:r340203.yandexwebcache.org
domain:r340301.yandexwebcache.org
domain:r340501.yandexwebcache.org
domain:r350101.yandexwebcache.org
domain:r350102.yandexwebcache.org
domain:r350103.yandexwebcache.org
domain:r350104.yandexwebcache.org
domain:r350105.yandexwebcache.org
domain:r350106.yandexwebcache.org
domain:r350201.yandexwebcache.org
domain:r350202.yandexwebcache.org
domain:r350204.yandexwebcache.org
domain:r360101.yandexwebcache.org
domain:r360102.yandexwebcache.org
domain:r360103.yandexwebcache.org
domain:r360104.yandexwebcache.org
domain:r360105.yandexwebcache.org
domain:r360107.yandexwebcache.org
domain:r360202.yandexwebcache.org
domain:r370101.yandexwebcache.org
domain:r370102.yandexwebcache.org
domain:r370103.yandexwebcache.org
domain:r370104.yandexwebcache.org
domain:r370105.yandexwebcache.org
domain:r370201.yandexwebcache.org
domain:r370205.yandexwebcache.org
domain:r370206.yandexwebcache.org
domain:r370501.yandexwebcache.org
domain:r380101.yandexwebcache.org
domain:r380102.yandexwebcache.org
domain:r380103.yandexwebcache.org
domain:r380104.yandexwebcache.org
domain:r380201.yandexwebcache.org
domain:r380602.yandexwebcache.org
domain:r400102.yandexwebcache.org
domain:r400104.yandexwebcache.org
domain:r400105.yandexwebcache.org
domain:r400201.yandexwebcache.org
domain:r400202.yandexwebcache.org
domain:r400203.yandexwebcache.org
domain:r400204.yandexwebcache.org
domain:r400205.yandexwebcache.org
domain:r400601.yandexwebcache.org
domain:r400602.yandexwebcache.org
domain:r400603.yandexwebcache.org
domain:r400604.yandexwebcache.org
domain:r400701.yandexwebcache.org
domain:r401.yandexwebcache.org
domain:r402.yandexwebcache.org
domain:r403.yandexwebcache.org
domain:r404.yandexwebcache.org
domain:r405.yandexwebcache.org
domain:r406.yandexwebcache.org
domain:r407.yandexwebcache.org
domain:r408.yandexwebcache.org
domain:r409.yandexwebcache.org
domain:r410.yandexwebcache.org
domain:r410101.yandexwebcache.org
domain:r410102.yandexwebcache.org
domain:r410201.yandexwebcache.org
domain:r410202.yandexwebcache.org
domain:r410203.yandexwebcache.org
domain:r410301.yandexwebcache.org
domain:r410601.yandexwebcache.org
domain:r410603.yandexwebcache.org
domain:r410604.yandexwebcache.org
domain:r410605.yandexwebcache.org
domain:r411.yandexwebcache.org
domain:r412.yandexwebcache.org
domain:r413.yandexwebcache.org
domain:r414.yandexwebcache.org
domain:r415.yandexwebcache.org
domain:r416.yandexwebcache.org
domain:r417.yandexwebcache.org
domain:r418.yandexwebcache.org
domain:r419.yandexwebcache.org
domain:r420.yandexwebcache.org
domain:r420101.yandexwebcache.org
domain:r420201.yandexwebcache.org
domain:r420202.yandexwebcache.org
domain:r420203.yandexwebcache.org
domain:r420204.yandexwebcache.org
domain:r420205.yandexwebcache.org
domain:r420501.yandexwebcache.org
domain:r421.yandexwebcache.org
domain:r422.yandexwebcache.org
domain:r423.yandexwebcache.org
domain:r424.yandexwebcache.org
domain:r425.yandexwebcache.org
domain:r426.yandexwebcache.org
domain:r427.yandexwebcache.org
domain:r428.yandexwebcache.org
domain:r429.yandexwebcache.org
domain:r430.yandexwebcache.org
domain:r431.yandexwebcache.org
domain:r432.yandexwebcache.org
domain:r433.yandexwebcache.org
domain:r434.yandexwebcache.org
domain:r435.yandexwebcache.org
domain:r436.yandexwebcache.org
domain:r437.yandexwebcache.org
domain:r438.yandexwebcache.org
domain:r439.yandexwebcache.org
domain:r440.yandexwebcache.org
domain:r440101.yandexwebcache.org
domain:r440102.yandexwebcache.org
domain:r440103.yandexwebcache.org
domain:r440201.yandexwebcache.org
domain:r440202.yandexwebcache.org
domain:r440601.yandexwebcache.org
domain:r440602.yandexwebcache.org
domain:r440603.yandexwebcache.org
domain:r441.yandexwebcache.org
domain:r442.yandexwebcache.org
domain:r443.yandexwebcache.org
domain:r444.yandexwebcache.org
domain:r445.yandexwebcache.org
domain:r446.yandexwebcache.org
domain:r447.yandexwebcache.org
domain:r448.yandexwebcache.org
domain:r449.yandexwebcache.org
domain:r450.yandexwebcache.org
domain:r451.yandexwebcache.org
domain:r452.yandexwebcache.org
domain:r453.yandexwebcache.org
domain:r454.yandexwebcache.org
domain:r455.yandexwebcache.org
domain:r456.yandexwebcache.org
domain:r457.yandexwebcache.org
domain:r458.yandexwebcache.org
domain:r459.yandexwebcache.org
domain:r460.yandexwebcache.org
domain:r460103.yandexwebcache.org
domain:r460104.yandexwebcache.org
domain:r460105.yandexwebcache.org
domain:r460201.yandexwebcache.org
domain:r460202.yandexwebcache.org
domain:r460301.yandexwebcache.org
domain:r460601.yandexwebcache.org
domain:r490101.yandexwebcache.org
domain:r490201.yandexwebcache.org
domain:r490202.yandexwebcache.org
domain:r490601.yandexwebcache.org
domain:r500101.yandexwebcache.org
domain:r500201.yandexwebcache.org
domain:r501.yandexwebcache.org
domain:r502.yandexwebcache.org
domain:r504.yandexwebcache.org
domain:r510101.yandexwebcache.org
domain:r510201.yandexwebcache.org
domain:r510301.yandexwebcache.org
domain:r520101.yandexwebcache.org
domain:r520201.yandexwebcache.org
domain:r520501.yandexwebcache.org
domain:r530101.yandexwebcache.org
domain:r530201.yandexwebcache.org
domain:r530203.yandexwebcache.org
domain:r540201.yandexwebcache.org
domain:r540501.yandexwebcache.org
domain:r540601.yandexwebcache.org
domain:r570201.yandexwebcache.org
domain:r570501.yandexwebcache.org
domain:r570601.yandexwebcache.org
domain:r580601.yandexwebcache.org
domain:r590201.yandexwebcache.org
domain:r590601.yandexwebcache.org
domain:r600201.yandexwebcache.org
domain:r600601.yandexwebcache.org
domain:r60701.yandexwebcache.org
domain:r610201.yandexwebcache.org
domain:r610301.yandexwebcache.org
domain:r610601.yandexwebcache.org
domain:r620201.yandexwebcache.org
domain:r620601.yandexwebcache.org
domain:r630201.yandexwebcache.org
domain:r630601.yandexwebcache.org
domain:r640601.yandexwebcache.org
domain:r650202.yandexwebcache.org
domain:r650203.yandexwebcache.org
domain:r660201.yandexwebcache.org
domain:r660301.yandexwebcache.org
domain:r670201.yandexwebcache.org
domain:r670301.yandexwebcache.org
domain:r680201.yandexwebcache.org
domain:r680301.yandexwebcache.org
domain:r690201.yandexwebcache.org
domain:r690501.yandexwebcache.org
domain:r700201.yandexwebcache.org
domain:r700501.yandexwebcache.org
domain:r701.yandexwebcache.org
domain:r710201.yandexwebcache.org
domain:r720201.yandexwebcache.org
domain:r730301.yandexwebcache.org
domain:r740301.yandexwebcache.org
domain:r750301.yandexwebcache.org
domain:r80102.yandexwebcache.org
domain:r80103.yandexwebcache.org
domain:r80105.yandexwebcache.org
domain:r80106.yandexwebcache.org
domain:r80107.yandexwebcache.org
domain:r80108.yandexwebcache.org
domain:r80109.yandexwebcache.org
domain:r80201.yandexwebcache.org
domain:r8121.yandexwebcache.org
domain:r812101.yandexwebcache.org
domain:r812102.yandexwebcache.org
domain:r812103.yandexwebcache.org
domain:r812104.yandexwebcache.org
domain:r812105.yandexwebcache.org
domain:r812106.yandexwebcache.org
domain:r812107.yandexwebcache.org
domain:r812108.yandexwebcache.org
domain:r812109.yandexwebcache.org
domain:r812110.yandexwebcache.org
domain:r812111.yandexwebcache.org
domain:r812112.yandexwebcache.org
domain:r812113.yandexwebcache.org
domain:r812114.yandexwebcache.org
domain:r812115.yandexwebcache.org
domain:r812116.yandexwebcache.org
domain:r812117.yandexwebcache.org
domain:r812118.yandexwebcache.org
domain:r812119.yandexwebcache.org
domain:r812120.yandexwebcache.org
domain:r812121.yandexwebcache.org
domain:r812122.yandexwebcache.org
domain:r812123.yandexwebcache.org
domain:r812124.yandexwebcache.org
domain:r812125.yandexwebcache.org
domain:r812126.yandexwebcache.org
domain:r812127.yandexwebcache.org
domain:r812128.yandexwebcache.org
domain:r812129.yandexwebcache.org
domain:r812130.yandexwebcache.org
domain:r812131.yandexwebcache.org
domain:r812132.yandexwebcache.org
domain:r812133.yandexwebcache.org
domain:r812134.yandexwebcache.org
domain:r812135.yandexwebcache.org
domain:r812136.yandexwebcache.org
domain:r812137.yandexwebcache.org
domain:r812138.yandexwebcache.org
domain:r812139.yandexwebcache.org
domain:r812140.yandexwebcache.org
domain:r8201.yandexwebcache.org
domain:r999100.yandexwebcache.org
domain:radarr.video
domain:radiosakharov.org
domain:radiosvoboda.org
domain:ralphlauren.eu
domain:reactflow.dev
domain:realist.online
domain:recraft.ai
domain:reddxxx.com
domain:redgifs.com
domain:redis.com
domain:redis.io
domain:redshieldvpn.com
domain:redtube.com
domain:reestrgov.ru
domain:refactoring.guru
domain:refinitiv.com
domain:remna.st
domain:remove.bg
domain:render-state.to
domain:rentry.co
domain:rentry.org
domain:republic.ru
domain:research.net
domain:research.uber.com
domain:resp.app
domain:returnyoutubedislikeapi.com
domain:reuters.com
domain:reve.art
domain:rezka.ag
domain:rezka.my
domain:rezkify.com
domain:rezonans.media
domain:rferl.org
domain:riafan.ru
domain:riperam.org
domain:roar-review.com
domain:root-nation.com
domain:rpt.usuppliers.uber.com
domain:rsf.org
domain:rtlog16-normal-ie.tiktokv.eu
domain:rublacklist.net
domain:ruckuswireless.com
domain:rulate.ru
domain:rule34.art
domain:rule34.xxx
domain:rus-media.org
domain:rus.ec
domain:rustorka.com
domain:rutor.info
domain:rutor.is
domain:rutor.org
domain:rutracker.cc
domain:rutracker.net
domain:rutracker.org
domain:rutracker.ru
domain:rutracker.wiki
domain:rutrk.org
domain:s-bid.rmp.rakuten.com
domain:sakh.com
domain:sakhalin.info
domain:sakharovfoundation.org
domain:salesforce-experience.com
domain:salesforce-hub.com
domain:salesforce-scrt.com
domain:salesforce-setup.com
domain:salesforce-sites.com
domain:salesforce.com
domain:salesforceiq.com
domain:salesforceliveagent.com
domain:sap.com
domain:sapphire.api.microsoftapp.net
domain:saverudata.info
domain:saverudata.net
domain:scdn.co
domain:schaeffler.com
domain:sci-hub.se
domain:sci-hub.st
domain:scontent.whatsapp.net
domain:screamingfrog.co.uk
domain:sdxcentral.com
domain:search.externulls.com
domain:searchfloor.org
domain:seasonvar.ru
domain:sebeanus.online
domain:selezen.org
domain:self.events.data.microsoft.com
domain:semnasem.org
domain:sentry-cdn.com
domain:sentry.dev
domain:sentry.io
domain:sephora.com
domain:serpstat.com
domain:servarr.com
domain:server-108-156-22-18.hel51.r.cloudfront.net
domain:server-108-156-22-30.hel51.r.cloudfront.net
domain:server-108-156-22-60.hel51.r.cloudfront.net
domain:server-108-156-22-76.hel51.r.cloudfront.net
domain:server-52-85-49-108.hel50.r.cloudfront.net
domain:server-52-85-49-113.hel50.r.cloudfront.net
domain:server-52-85-49-118.hel50.r.cloudfront.net
domain:server-52-85-49-126.hel50.r.cloudfront.net
domain:server-52-85-49-30.hel50.r.cloudfront.net
domain:server-52-85-49-42.hel50.r.cloudfront.net
domain:server-52-85-49-85.hel50.r.cloudfront.net
domain:services.bingapis.com
domain:severreal.org
domain:sf1-ttcdn-tos.pstatp.com
domain:sf16-ttcdn-tos.ipstatp.com
domain:sf6-ttcdn-tos.pstatp.com
domain:sfdcopens.com
domain:sgsnssdk.com
domain:shikimori.me
domain:shinyhardware.co.uk
domain:shiza-project.com
domain:shop.gameloft.com
domain:showip.net
domain:sibreal.org
domain:signal.art
domain:signal.group
domain:signal.link
domain:signal.me
domain:signal.org
domain:signal.tube
domain:signalusers.org
domain:simplex.chat
domain:simplex.im
domain:simplix.info
domain:singlekey-id.com
domain:site.com
domain:skat.media
domain:sketchup.com
domain:skiff.com
domain:skladchik.com
domain:sklatchiki.ru
domain:sky.com
domain:skycdp.com
domain:skyscanner.com
domain:slashlib.me
domain:slavicsac.com
domain:slideshare.net
domain:smartbear.co
domain:smartbear.com
domain:smartdeploy.com
domain:smashwords.com
domain:snd.sc
domain:sndcdn.com
domain:snort.org
domain:snyk.io
domain:soapui.org
domain:sobesednik.com
domain:sobesednik.ru
domain:software-static.download.prss.microsoft.com
domain:solarwinds.com
domain:sora.com
domain:soundcloud.cloud
domain:soundcloud.com
domain:sovanews.tv
domain:sovetromantica.com
domain:spacelift.io
domain:spektr.press
domain:spitfireaudio.com
domain:spoti.fi
domain:spotify-everywhere.com
domain:spotify.com
domain:spotify.design
domain:spotifycdn.com
domain:spotifycdn.net
domain:spotifycharts.com
domain:spotifycodes.com
domain:spotifyforbrands.com
domain:spotifyjobs.com
domain:spreadthesign.com
domain:sputnikipogrom.com
domain:squadbustersgame.com
domain:squareup.com
domain:squietpc.com
domain:srv.voidnetwork.cloud
domain:st-5cva8vttppvjafpc7jvj.kodik.biz
domain:stalker2.com
domain:static-ah.xhcdn.com
domain:static-nss.xhcdn.com
domain:static.intercomassets.com
domain:static.naukimg.com
domain:static.voidboost.com
domain:static.whatsapp.net
domain:statichdrezka.ac
domain:statology.org
domain:stats.externulls.com
domain:steamstat.info
domain:stockx.com
domain:store.externulls.com
domain:strana.news
domain:strana.today
domain:strava.com
domain:stream.voidboost.in
domain:streamable.com
domain:stulchik.net
domain:suggest.naukimg.com
domain:suggestlg.naukimg.com
domain:suggestqueries.google.com
domain:supercell.com
domain:support.xerox.com
domain:surfshark.com
domain:surveymonkey.com
domain:suspilne.media
domain:svoboda.org
domain:svtv.org
domain:swagger.io
domain:swissinfo.ch
domain:synoforum.com
domain:sysdig.com
domain:t-ru.org
domain:t-s.news
domain:t.co
domain:t3.chat
domain:tableau.com
domain:tailscale.com
domain:talkingkotlin.com
domain:talosintelligence.com
domain:tayga.info
domain:te-st.org
domain:teamviewer.com
domain:techpowerup.com
domain:telegraf.by
domain:telegraf.news
domain:telegraph.co.uk
domain:telemetr.io
domain:tellapart.com
domain:tempmail.plus
domain:temu.com
domain:terraform.io
domain:tfbnw.net
domain:the-village.ru
domain:theaudiodb.com
domain:thebarentsobserver.com
domain:thebell.io
domain:thefacebook.com
domain:theins.info
domain:theins.press
domain:theins.ru
domain:themoviedb.org
domain:thepiratebay.org
domain:thetruestory.news
domain:thirdparty-public-apps-media.canva-apps.com
domain:threads.net
domain:threema.ch
domain:thumbs.externulls.com
domain:ti.com
domain:tidal.com
domain:tik-tokapi.com
domain:tiktok-lb-alisg.byteoversea.net
domain:tiktok-lb-maliva.byteoversea.net
domain:tiktok-platform-lb-alisg.byteoversea.net
domain:tiktok.com
domain:tiktokcdn-com.akamaized.net
domain:tiktokcdn-eu.com
domain:tiktokcdn-in.com
domain:tiktokcdn-us.com
domain:tiktokcdn-us.com.atomile.com
domain:tiktokcdn.com
domain:tiktokcdn.com.atomile.com
domain:tiktokcdn.com.c.bytetcdn.com
domain:tiktokcdn.com.c.worldfcdn.com
domain:tiktokcdn.com.rocket-cdn.com
domain:tiktokd.net
domain:tiktokd.org
domain:tiktokglobalshop.com
domain:tiktokv.com
domain:tiktokv.com.c.worldfcdn.com
domain:tiktokv.com.c.worldfcdn2.com
domain:tiktokv.us
domain:tiktokw.eu
domain:tiktokw.us
domain:timberland.com
domain:timberland.de
domain:tjournal.ru
domain:tlivecdn.com
domain:tmdb-image-prod.b-cdn.net
domain:tmdb.com
domain:tmdb.org
domain:tnc16-normal-ie.tiktokv.eu
domain:top.gg
domain:torproject.org
domain:torrent.by
domain:torrenteditor.com
domain:torrentgalaxy.to
domain:torrindex.net
domain:tpucdn.com
domain:tr.libria.fun
domain:tr.ysagin.top
domain:tr3.ysagin.top
domain:tracker.torrent.eu.org
domain:tracker.wf
domain:trae.ai
domain:trailblazer.me
domain:trailhead.com
domain:trainingpeaks.com
domain:translyaciya.com
domain:trellix.com
domain:trueblackmetalradio.com
domain:tsmc.com
domain:ttlivecdn.com
domain:ttlivecdn.com.c.worldfcdn.com
domain:ttoversea.net
domain:ttoverseaus.net
domain:ttwstatic.com
domain:turbobit.net
domain:tuta.com
domain:tuta.io
domain:tutanota.com
domain:tvfreedom.io
domain:tvrain.ru
domain:tvrain.tv
domain:tweetdeck.com
domain:twimg.com
domain:twirpx.com
domain:twitpic.com
domain:twitter.biz
domain:twitter.com
domain:twitter.jp
domain:twittercommunity.com
domain:twitterflightschool.com
domain:twitterinc.com
domain:twitteroauth.com
domain:twitterstat.us
domain:twtrdns.net
domain:twttr.com
domain:twttr.net
domain:twvid.com
domain:typing.com
domain:ua
domain:uaudio.com
domain:ubnt.com
domain:ufile.io
domain:ug-attribution-ie.tiktokv.eu
domain:ui.com
domain:ukr.net
domain:ukr.radio
domain:ukrtelcdn.net
domain:underver.se
domain:unian.net
domain:uniongang.tv
domain:unscreen.com
domain:upwork.com
domain:usa.one
domain:v16-tiktokcdn-com.akamaized.net
domain:vagrantcloud.com
domain:vbcdn.com
domain:vbcdn.net
domain:vcs16-normal-ie.tiktokv.eu
domain:vectorworks.net
domain:veeam.com
domain:velocidrone.com
domain:veritas.com
domain:verstka.media
domain:vesma.one
domain:vesma.today
domain:vesty.co.il
domain:viber.co
domain:viber.com
domain:viber.me
domain:vice.com
domain:video-akpcw-cdn-spotify-com.akamaized.net
domain:video-analytics.google.com
domain:video.externulls.com
domain:videocardz.com
domain:videocardz.net
domain:vine.co
domain:vipdrive.net
domain:vipergirls.to
domain:visualcapitalist.com
domain:vmware.com
domain:vndb.org
domain:voanews.com
domain:voidboost.cc
domain:volkswagen-classic-parts.com
domain:vot-tak.tv
domain:voynaplemyon.com
domain:vp.externulls.com
domain:vpngate.net
domain:vpngen.org
domain:vpnlove.me
domain:vpnpay.io
domain:vps-16ca9f61.vps.ovh.net
domain:vps-d9971686.vps.ovh.net
domain:vrmedia-nss.xhcdn.com
domain:vroid.com
domain:vroid.pixiv.help
domain:vrv.co
domain:vyos.io
domain:w.atwiki.jp
domain:walmart.com
domain:watchguard.com
domain:watermarkremover.io
domain:weather.com
domain:webcast-ws16-normal-ie.tiktokv.eu
domain:webcast16-normal-ie.tiktokv.eu
domain:webnames.ca
domain:webtoons.com
domain:weebly.com
domain:welt.de
domain:wetransfer.com
domain:wheather.com
domain:whispersystems.org
domain:whoami.akamai.net
domain:whoop.com
domain:wide-youtube.l.google.com
domain:widget.intercom.io
domain:widgetapp.stream
domain:wiki.fextralife.com
domain:wikiart.org
domain:wikidot.com
domain:wilsoncenter.org
domain:windguru.cz
domain:windows10spotlight.com
domain:wise.com
domain:withyoutube.com
domain:wixmp.com
domain:wk.cz
domain:wonderzine.com
domain:wpengine.com
domain:wstracker.online
domain:wt.kodik.biz
domain:wunderground.com
domain:www.intercom.io
domain:www.naukimg.com
domain:www.serv01001.xyz
domain:x.ai
domain:x.com
domain:xdaforums.com
domain:xhamster.com
domain:xhamsterlive.com
domain:xnxx-ru.com
domain:xnxx.com
domain:xsts.auth.xboxlive.com
domain:xtracloud.net
domain:xv-ru.com
domain:xvideos-cdn.com
domain:xvideos.com
domain:yaoilib.me
domain:yle.fi
domain:younettranslate.com
domain:youtu.be
domain:youtube-nocookie.com
domain:youtube-ui.l.google.com
domain:youtube.com
domain:youtube.googleapis.com
domain:youtube.ru
domain:youtubeeducation.com
domain:youtubeembeddedplayer.googleapis.com
domain:youtubefanfest.com
domain:youtubegaming.com
domain:youtubego.com
domain:youtubei.googleapis.com
domain:youtubekids.com
domain:youtubemobilesupport.com
domain:yt-video-upload.l.google.com
domain:yt.be
domain:yt1.googleusercontent.com
domain:yt2.googleusercontent.com
domain:yt3.googleusercontent.com
domain:ytimg.com
domain:ytimg.l.google.com
domain:yummyani.me
domain:yummyanime.tv
domain:zahav.ru
domain:zannn.top
domain:zapier-deployment.com
domain:zapier.com
domain:zbigz.com
domain:zedge.net
domain:zeflix.online
domain:zendesk.com
domain:zerkalo.io
domain:zerossl.com
domain:zetalliance.org
domain:zetfix.online
domain:zetflix.online
domain:zetimage.net
domain:zf.com
domain:znanija.com
domain:zohomail.com
domain:zona.media
domain:zoomadmin.com
