domain:10minutemail.com
domain:1337x.to
domain:24.kg
domain:2ip.io
domain:4freerussia.org
domain:4pda.ru
domain:4pda.to
domain:4pda.ws
domain:4pna.com
domain:5sim.net
domain:7tv.app
domain:7tv.io
domain:9tv.co.il
domain:a-msedge.net
domain:abercrombie.com
domain:abook-club.ru
domain:acctcdnmsftuswe2.azureedge.net
domain:acctcdnvzeuno.azureedge.net
domain:activatica.org
domain:adguard-dns.com
domain:adguard.com
domain:adidas.com
domain:adminforge.de
domain:adobe.activate.com
domain:adobe.com
domain:adobe.de
domain:adobe.io
domain:adobe.ipp
domain:adobe.net
domain:adobe.newoa
domain:adobe.ntp
domain:adobedtm.com
domain:adobeereg.com
domain:adobegenuine.com
domain:adobejanus.com
domain:adobelogin.com
domain:ads-twitter.com
domain:adultmult.tv
domain:agents.media
domain:agentura.ru
domain:ahrefs.com
domain:ai.com
domain:aistudio.google.com
domain:alberta.ca
domain:allegro.pl
domain:alphacoders.com
domain:alza.hu
domain:amazfitwatchfaces.com
domain:amazonaws.com
domain:amd.com
domain:amdm.ru
domain:amedia.site
domain:amnezia.org
domain:amx.com
domain:analog.com
domain:androidpolice.com
domain:anidub.com
domain:anilibria.tv
domain:anilibria.uno
domain:animaunt.org
domain:anime-portal.su
domain:animebest.org
domain:animedia.tv
domain:animego.org
domain:animespirit.ru
domain:anistar.org
domain:anistars.ru
domain:annas-archive.org
domain:anthropic.com
domain:antiwar.in
domain:aol.com
domain:api.github.com
domain:api.service-kp.com
domain:aplawrence.com
domain:appspot.com
domain:appstorrent.ru
domain:aqicn.org
domain:arbat.media
domain:archive.ph
domain:archiveofourown.org
domain:as6723.net
domain:assets.heroku.com
domain:astra.press
domain:atlassian.com
domain:att.com
domain:auphonic.com
domain:autodesk.com
domain:avira.com
domain:aws.amazon.com
domain:azathabar.com
domain:azattyq.org
domain:babook.org
domain:baginya.org
domain:baikal-journal.ru
domain:bard.google.com
domain:bato.to
domain:bbc.co.uk
domain:bbc.com
domain:bbci.co.uk
domain:bcbits.com
domain:bell-sw.com
domain:bellingcat.com
domain:bestbuy.com
domain:bestchange.ru
domain:bgpmon.net
domain:bihus.info
domain:bing.com
domain:bitbucket.org
domain:bitcoin.org
domain:bitdefender.com
domain:bitru.org
domain:blackseanews.net
domain:blinkshot.io
domain:bluehost.com
domain:booktracker.org
domain:boosteroid.com
domain:booth.pm
domain:booth.pximg.net
domain:bosch-home.com
domain:botnadzor.org
domain:bradyid.com
domain:brave.com
domain:brawlstarsgame.com
domain:broadcom.com
domain:broncosportforum.com
domain:browser.events.data.microsoft.com
domain:btdig.com
domain:btod.com
domain:buanzo.org
domain:buckaroo.nl
domain:buf.build
domain:bungiestore.com
domain:buymeacoffee.com
domain:byspotify.com
domain:byteoversea.com
domain:cambiumnetworks.com
domain:canva.com
domain:canva.dev
domain:capacitorjs.com
domain:capcut.com
domain:carnegieendowment.org
domain:carrefouruae.com
domain:cats.com
domain:cbilling.eu
domain:cbilling.vip
domain:cdn.betterttv.net
domain:cdn.sapphire.microsoftapp.net
domain:cdn.web-platform.io
domain:cdnbunny.org
domain:cdninstagram.com
domain:cdromance.org
domain:cdw.com
domain:censortracker.org
domain:certifytheweb.com
domain:chaos.com
domain:chat.com
domain:chatgpt.com
domain:chaturbate.com
domain:cherta.media
domain:chess.com
domain:cisco.com
domain:citrix.com
domain:clamav.net
domain:clashofclans.com
domain:clashroyaleapp.com
domain:claude.ai
domain:clickup.com
domain:clip.opus.pro
domain:cloudflare-dns.com
domain:cloudflare-ech.com
domain:cms-twdigitalassets.com
domain:cnd2exp.online
domain:cock.li
domain:codeium.com
domain:coingate.com
domain:coinpayments.net
domain:coinsbee.com
domain:coldfilm.xyz
domain:colta.ru
domain:community.sophos.com
domain:contabo.com
domain:coomer.su
domain:copilot-proxy.githubusercontent.com
domain:copilot.microsoft.com
domain:corsair.com
domain:coursera.org
domain:cpu-monkey.com
domain:credly.com
domain:crunchyroll.com
domain:cub.red
domain:cub.rip
domain:currenttime.tv
domain:cursorinfo.co.il
domain:cvedetails.com
domain:cyberghostvpn.com
domain:cyxymu.info
domain:czx.to
domain:daemon-tools.cc
domain:data-cdn.mbamupdates.com
domain:decrypt.day
domain:deepmind.com
domain:deepmind.google
domain:deepstatemap.live
domain:deezer.com
domain:delfi.ee
domain:delfi.lt
domain:delfi.lv
domain:dell.com
domain:dellcdn.com
domain:depositphotos.com
domain:designer.microsoft.com
domain:designify.com
domain:developer.nvidia.com
domain:deviantart.com
domain:devops.com
domain:digikey.com
domain:digitalcontent.sky
domain:digitalocean.com
domain:dis.gd
domain:discord-activities.com
domain:discord-attachments-uploads-prd.storage.googleapis.com
domain:discord.co
domain:discord.com
domain:discord.design
domain:discord.dev
domain:discord.gg
domain:discord.gift
domain:discord.gifts
domain:discord.media
domain:discord.new
domain:discord.store
domain:discord.tools
domain:discordactivities.com
domain:discordapp.com
domain:discordapp.io
domain:discordapp.net
domain:discordapp.org
domain:discordcdn.com
domain:discordmerch.com
domain:discordpartygames.com
domain:discordsays.com
domain:discordstatus.com
domain:discours.io
domain:disctech.com
domain:disneyplus.com
domain:dobrochan.net
domain:docs.liquibase.com
domain:donmai.us
domain:dorama.live
domain:doramalive.ru
domain:doramy.club
domain:dovod.online
domain:doxa.team
domain:doxajournal.ru
domain:dpidetector.org
domain:dreamhost.com
domain:ducati.com
domain:dw.com
domain:e621.net
domain:eagle.sapphire.microsoftapp.net
domain:echofm.online
domain:edge.microsoft.com
domain:edu-cisco.org
domain:ef.com
domain:ef.edu
domain:eggertspiele.de
domain:ehorussia.com
domain:ej.ru
domain:ekhokavkaza.com
domain:elastic.co
domain:element14.com
domain:elevenlabs.io
domain:envato.com
domain:envatousercontent.com
domain:epidemz.net.co
domain:err.ee
domain:etsy.com
domain:euronews.com
domain:euroradio.fm
domain:eutrp.eu
domain:everand.com
domain:exler.ru
domain:expres.online
domain:extremetech.com
domain:f1.com
domain:f95-zone.to
domain:f95zone.to
domain:facebook.com
domain:facebook.net
domain:fast-torrent.club
domain:fast.com
domain:fastly.net
domain:fb.com
domain:fbcdn.net
domain:fbsbx.com
domain:feedcdn.sapphire.microsoftapp.net
domain:fex.net
domain:ficbook.net
domain:filmitorrent.net
domain:filmix.ac
domain:filmix.biz
domain:filmix.day
domain:filmix.fm
domain:filmix.la
domain:flibusta.is
domain:flibusta.net
domain:flipboard.com
domain:flir.com
domain:flir.eu
domain:flourish.studio
domain:fls.guru
domain:fluke.com
domain:flukenetworks.com
domain:fn-volga.ru
domain:fonge.org
domain:footballapi.pulselive.com
domain:force-user-content.com
domain:force.com
domain:fork.pet
domain:forklog.com
domain:formula1.com
domain:fortanga.org
domain:forum.netgate.com
domain:forum.ru-board.com
domain:foxnews.com
domain:fpt2.microsoft.com
domain:framer.com
domain:freedomletters.org
domain:freeimages.com
domain:freemedia.io
domain:full:ai.google.dev
domain:full:alkalicore-pa.clients6.google.com
domain:full:alkalimakersuite-pa.clients6.google.com
domain:g2a.com
domain:gagadget.com
domain:gamedistribution.com
domain:gamesrepack.com
domain:gaming.amazon.com
domain:gateway.bingviz.microsoftapp.net
domain:geforcenow.com
domain:gelbooru.com
domain:geller-pa.googleapis.com
domain:gemini.google.com
domain:generativeai.google
domain:generativelanguage.googleapis.com
domain:geni.us
domain:genius.com
domain:germania.one
domain:getoutline.com
domain:getoutline.org
domain:gfn.am
domain:ggpht.cn
domain:ggpht.com
domain:ghostrc.game.idtech.services
domain:githubcopilot.com
domain:gitlab.com
domain:gitlab.io
domain:global.fncstatic.com
domain:glpals.com
domain:gnome-look.org
domain:godaddy.com
domain:gofile.io
domain:gofundme.com
domain:golosameriki.com
domain:gonitro.com
domain:goodreads.com
domain:googletagmanager.com
domain:googlevideo.com
domain:gordonua.com
domain:gpsonextra.net
domain:gpt3-openai.com
domain:gr-assets.com
domain:grafana.com
domain:grammarly.com
domain:grani.ru
domain:graty.me
domain:graylog.org
domain:grazie.ai
domain:grok.com
domain:groq.com
domain:groupon.com
domain:groza.media
domain:gstatic.com
domain:gtagarage.com
domain:guilded.gg
domain:gulagu.net
domain:gvt1.com
domain:habr.com
domain:hackernoon.com
domain:hackmd.io
domain:halooglasi.com
domain:hashicorp.com
domain:hath.network
domain:hbomax.com
domain:hdkinoteatr.com
domain:hdrezka.ac
domain:hdrezka.ag
domain:hdrezka.me
domain:healthline.com
domain:hentai-foundry.com
domain:herokucdn.com
domain:hetzner.com
domain:hollisterco.com
domain:holod.media
domain:home-connect.com
domain:hostgator.com
domain:hostinger.com
domain:hotels.com
domain:howlongtobeat.com
domain:hqporner.com
domain:hrw.org
domain:hs.fi
domain:htmhell.dev
domain:http-inputs-notion.splunkcloud.com
domain:huawei.com
domain:hwbot.org
domain:i.kym-cdn.com
domain:i.yting.com
domain:ibm.com
domain:ibytedtos.com
domain:idelreal.org
domain:iedb.org
domain:ig.me
domain:ign.com
domain:iherb.com
domain:iichan.hk
domain:ilook.tv
domain:important-stories.com
domain:in.appcenter.ms
domain:indiehackers.com
domain:infineon.com
domain:instagram.com
domain:install.launcher.omniverse.nvidia.com
domain:intel.com
domain:intel.de
domain:intel.nl
domain:intelix.sophos.com
domain:intellij.net
domain:interactivebrokers.co.uk
domain:internalfb.com
domain:intuit.com
domain:intuitibits.com
domain:ionos.com
domain:ipburger.com
domain:iptv.online
domain:is.fi
domain:island-of-pleasure.site
domain:istories.media
domain:itdog.info
domain:itninja.com
domain:itsmycity.ru
domain:jabra.com
domain:jamf.com
domain:jauns.lv
domain:jetbrains.com
domain:jetbrains.space
domain:jnn-pa.googleapis.com
domain:jut-su.net
domain:jut.su
domain:kaktus.media
domain:kamatera.com
domain:kara.su
domain:kasparov.ru
domain:kavkaz-uzel.eu
domain:kavkazr.com
domain:kemono.party
domain:kemono.su
domain:keysight.com
domain:kino.pub
domain:kinobase.org
domain:kinogo.ec
domain:kinogo.la
domain:kinogo.uk
domain:kinokopilka.pro
domain:kinovod.net
domain:kinozal.guru
domain:kinozal.me
domain:kinozal.tv
domain:kmail-lists.com
domain:knews.kg
domain:knowyourmeme.com
domain:kolsar.org
domain:korrespondent.net
domain:kovcheg.live
domain:kpapp.link
domain:krymr.com
domain:kupujemprodajem.com
domain:lambdalabs.com
domain:lamcdn.net
domain:lampa.mx
domain:ldoceonline.com
domain:leafletjs.com
domain:leica-geosystems.com
domain:lenovo.com
domain:lgbtnet.org
domain:lgincdnmsftuswe2.azureedge.net
domain:lgincdnvzeuno.azureedge.net
domain:lh3.googleusercontent.com
domain:libgen.li
domain:libgen.rs
domain:licdn.com
domain:lidarr.audio
domain:lifehacker.com
domain:lightning.ai
domain:linear.app
domain:linkedin.com
domain:linktr.ee
domain:linuxiac.com
domain:live.net
domain:livetv.sx
domain:liveuamap.com
domain:localbitcoins.com
domain:locals.md
domain:location.microsoft.com
domain:lolz.guru
domain:lookerstudio.google.com
domain:lostfilm.run
domain:lostfilm.top
domain:lostfilm.tv
domain:lostfilm.win
domain:lostfilmtv2.site
domain:lostfilmtv5.site
domain:lucid.app
domain:m3u.in
domain:macpaw.com
domain:macvendors.com
domain:mailfence.com
domain:mailo.com
domain:makersuite.google.com
domain:malwarebytes.com
domain:mangadex.org
domain:mangahub.ru
domain:mangapark.net
domain:mashable.com
domain:mattermost.com
domain:max.com
domain:mbed.com
domain:mchost.guru
domain:mdza.io
domain:mediazona.ca
domain:mediazona.online
domain:medicalnewstoday.com
domain:medium.com
domain:meduza.io
domain:megapeer.ru
domain:megapeer.vip
domain:memohrc.org
domain:meraki.com
domain:merezha.co
domain:meta.com
domain:metacritic.com
domain:metal-archives.com
domain:metla.press
domain:microchip.com
domain:middlewareinventory.com
domain:mignews.com
domain:mindfactory.de
domain:mixcloud.com
domain:mobile.events.data.microsoft.com
domain:modsfire.com
domain:mongodb.com
domain:mongodb.org
domain:monoprice.com
domain:monster.ie
domain:more.fm
domain:moscowtimes.ru
domain:mouser.com
domain:mouser.fi
domain:mrakopedia.net
domain:mssg.me
domain:mullvad.net
domain:multporn.net
domain:muscdn.com
domain:musical.ly
domain:mydoramy.club
domain:myheritage.com
domain:myjetbrains.com
domain:nasvsehtoshnit.ru
domain:navalny.com
domain:nba.com
domain:neo4j.com
domain:neputin.org
domain:netflix.ca
domain:netflix.com
domain:netflix.net
domain:netflixinvestor.com
domain:netflixtechblog.com
domain:netlify.com
domain:networksolutions.com
domain:newark.com
domain:news.google.com
domain:newsru.co.il
domain:newsru.com
domain:newstudio.tv
domain:newtimes.ru
domain:nfl.com
domain:nflxext.com
domain:nflximg.com
domain:nflximg.net
domain:nflxsearch.net
domain:nflxso.net
domain:nflxvideo.net
domain:ngrok.com
domain:nhentai.com
domain:nhl.com
domain:nih.gov
domain:nike.com
domain:nippon.com
domain:nitropdf.com
domain:nnmclub.to
domain:nnmstatic.win
domain:nordaccount.com
domain:nordcdn.com
domain:nordvpn.com
domain:notebooklm.google
domain:notepad-plus-plus.org
domain:notifications-pa.googleapis.com
domain:notion-static.com
domain:notion.com
domain:notion.new
domain:notion.site
domain:notion.so
domain:notionusercontent.com
domain:novaline.fm
domain:novaya.no
domain:novayagazeta.eu
domain:novayagazeta.ru
domain:ns-1475.awsdns-56.org
domain:ns-1574.awsdns-04.co.uk
domain:ns-440.awsdns-55.com
domain:ns-722.awsdns-26.net
domain:ntc.party
domain:ntp.msn.com
domain:nxp.com
domain:nyaa.si
domain:oaistatic.com
domain:oaiusercontent.com
domain:oasis.app
domain:ocstore.com
domain:oculus.com
domain:ohmyswift.ru
domain:oi.legal
domain:okx.com
domain:omnissa.com
domain:omv-extras.org
domain:on24.com
domain:onelink.me
domain:onetrust.com
domain:onfastspring.com
domain:onlineradiobox.com
domain:onlinesim.io
domain:onlinesim.ru
domain:onshape.com
domain:openai.com
domain:openai.com.cdn.cloudflare.net
domain:openai.fund
domain:openai.org
domain:openaiapi-site.azureedge.net
domain:openaicom-api-bdcpf8c6d2e9atf6.z01.azurefd.net
domain:openaicomproductionae4b.blob.core.windows.net
domain:openmedia.io
domain:opensea.io
domain:opentrackr.org
domain:opposition-news.com
domain:oracle.com
domain:ovd.info
domain:ovd.legal
domain:ovd.news
domain:ovdinfo.org
domain:ozi-ru.org
domain:ozodi.org
domain:p16-tiktokcdn-com.akamaized.net
domain:pages.dev
domain:pandasecurity.com
domain:pap.pl
domain:paperpaper.io
domain:paperpaper.ru
domain:paraplan.net
domain:paraswap.io
domain:parsec.app
domain:patreon.com
domain:paypal.com
domain:pb.wtf
domain:pcbway.com
domain:pcbway.ru
domain:pcgamesn.com
domain:pcmag.com
domain:pdq.com
domain:periscope.tv
domain:pexels.com
domain:phncdn.com
domain:phncdn.com.sds.rncdn7.com
domain:php.su
domain:piccy.info
domain:pimpletv.ru
domain:pingdom.com
domain:piratbit.top
domain:pixabay.com
domain:pixiv.net
domain:plab.site
domain:platform.activestate.com
domain:play.google.com
domain:playboy.com
domain:plugshare.com
domain:polit.ru
domain:politico.eu
domain:politiken.dk
domain:polymarket.com
domain:pornhub.com
domain:pornhub.org
domain:pornolab.net
domain:porsche.com
domain:posle.media
domain:postfix.org
domain:postimees.ee
domain:pravda.com
domain:premierleague.com
domain:primevideo.com
domain:privatekeys.pw
domain:prnt.sc
domain:proactivebackend-pa.googleapis.com
domain:production-openaicom-storage.azureedge.net
domain:proekt.media
domain:prosleduetmedia.com
domain:prostovpn.org
domain:proton.me
domain:protonmail.ch
domain:protonmail.com
domain:protonvpn.com
domain:provereno.media
domain:prowlarr.com
domain:proxyscrape.com
domain:pscdn.co
domain:pscp.tv
domain:psiphon.ca
domain:qt.io
domain:qualcomm.com
domain:quickconnect.to
domain:quietpc.com
domain:quora.com
domain:quora.com.cdn.cloudflare.net
domain:quoracdn.com
domain:radarr.video
domain:radiosakharov.org
domain:radiosvoboda.org
domain:reactflow.dev
domain:realist.online
domain:recraft.ai
domain:reddxxx.com
domain:redgifs.com
domain:redis.com
domain:redis.io
domain:redshieldvpn.com
domain:redtube.com
domain:reestrgov.ru
domain:refactoring.guru
domain:refinitiv.com
domain:remna.st
domain:remove.bg
domain:render-state.to
domain:rentry.co
domain:rentry.org
domain:republic.ru
domain:research.net
domain:research.uber.com
domain:resp.app
domain:returnyoutubedislikeapi.com
domain:reuters.com
domain:reve.art
domain:rezka.ag
domain:rezka.my
domain:rezkify.com
domain:rezonans.media
domain:rferl.org
domain:riafan.ru
domain:riperam.org
domain:roar-review.com
domain:root-nation.com
domain:rpt.usuppliers.uber.com
domain:rsf.org
domain:rublacklist.net
domain:ruckuswireless.com
domain:rule34.art
domain:rus-media.org
domain:rus.ec
domain:rustorka.com
domain:rutor.info
domain:rutor.is
domain:rutor.org
domain:rutracker.cc
domain:rutracker.net
domain:rutracker.org
domain:rutracker.ru
domain:rutracker.wiki
domain:sakh.com
domain:sakhalin.info
domain:sakharovfoundation.org
domain:salesforce-experience.com
domain:salesforce-hub.com
domain:salesforce-scrt.com
domain:salesforce-setup.com
domain:salesforce-sites.com
domain:salesforce.com
domain:salesforceiq.com
domain:salesforceliveagent.com
domain:sap.com
domain:sapphire.api.microsoftapp.net
domain:saverudata.info
domain:saverudata.net
domain:scdn.co
domain:schaeffler.com
domain:sci-hub.se
domain:sci-hub.st
domain:screamingfrog.co.uk
domain:sdxcentral.com
domain:searchfloor.org
domain:seasonvar.ru
domain:sebeanus.online
domain:selezen.org
domain:self.events.data.microsoft.com
domain:semnasem.org
domain:sentry.io
domain:sephora.com
domain:serpstat.com
domain:servarr.com
domain:services.bingapis.com
domain:severreal.org
domain:sfdcopens.com
domain:shikimori.me
domain:shinyhardware.co.uk
domain:shiza-project.com
domain:shop.gameloft.com
domain:showip.net
domain:sibreal.org
domain:signal.art
domain:signal.org
domain:signalusers.org
domain:simplex.chat
domain:simplex.im
domain:simplix.info
domain:singlekey-id.com
domain:site.com
domain:skat.media
domain:sketchup.com
domain:skiff.com
domain:skladchik.com
domain:sklatchiki.ru
domain:sky.com
domain:skycdp.com
domain:skyscanner.com
domain:slashlib.me
domain:slavicsac.com
domain:slideshare.net
domain:smartbear.co
domain:smartbear.com
domain:smartdeploy.com
domain:smashwords.com
domain:snd.sc
domain:sndcdn.com
domain:snort.org
domain:snyk.io
domain:soapui.org
domain:sobesednik.com
domain:sobesednik.ru
domain:software-static.download.prss.microsoft.com
domain:solarwinds.com
domain:sora.com
domain:soundcloud.cloud
domain:soundcloud.com
domain:sovanews.tv
domain:sovetromantica.com
domain:spacelift.io
domain:spektr.press
domain:spitfireaudio.com
domain:spoti.fi
domain:spotify-everywhere.com
domain:spotify.com
domain:spotify.design
domain:spotifycdn.com
domain:spotifycdn.net
domain:spotifycharts.com
domain:spotifycodes.com
domain:spotifyforbrands.com
domain:spotifyjobs.com
domain:spreadthesign.com
domain:sputnikipogrom.com
domain:squadbustersgame.com
domain:squareup.com
domain:squietpc.com
domain:stalker2.com
domain:statology.org
domain:steamstat.info
domain:stockx.com
domain:strana.news
domain:strana.today
domain:strava.com
domain:streamable.com
domain:stulchik.net
domain:suggestqueries.google.com
domain:supercell.com
domain:support.xerox.com
domain:surfshark.com
domain:surveymonkey.com
domain:suspilne.media
domain:svoboda.org
domain:svtv.org
domain:swagger.io
domain:swissinfo.ch
domain:synoforum.com
domain:sysdig.com
domain:t-ru.org
domain:t.co
domain:t3.chat
domain:tableau.com
domain:tailscale.com
domain:talosintelligence.com
domain:tayga.info
domain:te-st.org
domain:teamviewer.com
domain:techpowerup.com
domain:telegraf.by
domain:telegraf.news
domain:telegraph.co.uk
domain:telemetr.io
domain:tellapart.com
domain:tempmail.plus
domain:temu.com
domain:terraform.io
domain:the-village.ru
domain:theaudiodb.com
domain:thebarentsobserver.com
domain:thebell.io
domain:theins.info
domain:theins.press
domain:theins.ru
domain:themoviedb.org
domain:thepiratebay.org
domain:thetruestory.news
domain:threads.net
domain:threema.ch
domain:ti.com
domain:tidal.com
domain:tik-tokapi.com
domain:tiktok.com
domain:tiktokcdn-com.akamaized.net
domain:tiktokcdn-eu.com
domain:tiktokcdn-us.com
domain:tiktokcdn.com
domain:tiktokcdn.com.c.worldfcdn.com
domain:tiktokd.net
domain:tiktokd.org
domain:tiktokv.com
domain:tiktokv.us
domain:tiktokw.us
domain:timberland.com
domain:timberland.de
domain:tjournal.ru
domain:tmdb-image-prod.b-cdn.net
domain:tmdb.com
domain:tmdb.org
domain:torproject.org
domain:torrent.by
domain:torrenteditor.com
domain:torrentgalaxy.to
domain:tpucdn.com
domain:tracker.wf
domain:trae.ai
domain:trailblazer.me
domain:trailhead.com
domain:translyaciya.com
domain:trellix.com
domain:trueblackmetalradio.com
domain:tsmc.com
domain:ttwstatic.com
domain:turbobit.net
domain:tuta.com
domain:tuta.io
domain:tutanota.com
domain:tvfreedom.io
domain:tvrain.ru
domain:tvrain.tv
domain:tweetdeck.com
domain:twimg.com
domain:twirpx.com
domain:twitpic.com
domain:twitter.biz
domain:twitter.com
domain:twitter.jp
domain:twittercommunity.com
domain:twitterflightschool.com
domain:twitterinc.com
domain:twitteroauth.com
domain:twitterstat.us
domain:twtrdns.net
domain:twttr.com
domain:twttr.net
domain:twvid.com
domain:typing.com
domain:ua
domain:uaudio.com
domain:ubnt.com
domain:ufile.io
domain:ui.com
domain:ukr.net
domain:ukr.radio
domain:ukrtelcdn.net
domain:underver.se
domain:unian.net
domain:uniongang.tv
domain:unscreen.com
domain:upwork.com
domain:usa.one
domain:vagrantcloud.com
domain:vectorworks.net
domain:veeam.com
domain:velocidrone.com
domain:veritas.com
domain:verstka.media
domain:vesma.one
domain:vesma.today
domain:vesty.co.il
domain:viber.com
domain:vice.com
domain:video-akpcw-cdn-spotify-com.akamaized.net
domain:video-analytics.google.com
domain:videocardz.com
domain:videocardz.net
domain:vine.co
domain:vipdrive.net
domain:vipergirls.to
domain:visualcapitalist.com
domain:vmware.com
domain:vndb.org
domain:voanews.com
domain:voidboost.cc
domain:volkswagen-classic-parts.com
domain:vot-tak.tv
domain:voynaplemyon.com
domain:vpngate.net
domain:vpngen.org
domain:vpnlove.me
domain:vpnpay.io
domain:vrv.co
domain:vyos.io
domain:w.atwiki.jp
domain:walmart.com
domain:watchguard.com
domain:watermarkremover.io
domain:weather.com
domain:webnames.ca
domain:webtoons.com
domain:weebly.com
domain:welt.de
domain:wetransfer.com
domain:wheather.com
domain:whispersystems.org
domain:wide-youtube.l.google.com
domain:widgetapp.stream
domain:wiki.fextralife.com
domain:wikiart.org
domain:wikidot.com
domain:wilsoncenter.org
domain:windguru.cz
domain:windows10spotlight.com
domain:wise.com
domain:withyoutube.com
domain:wixmp.com
domain:wk.cz
domain:wonderzine.com
domain:wpengine.com
domain:wunderground.com
domain:x.ai
domain:x.com
domain:xdaforums.com
domain:xhamster.com
domain:xhamsterlive.com
domain:xnxx.com
domain:xsts.auth.xboxlive.com
domain:xtracloud.net
domain:xv-ru.com
domain:xvideos-cdn.com
domain:xvideos.com
domain:yaoilib.me
domain:yle.fi
domain:youtu.be
domain:youtube-nocookie.com
domain:youtube-ui.l.google.com
domain:youtube.com
domain:youtube.googleapis.com
domain:youtube.ru
domain:youtubeeducation.com
domain:youtubeembeddedplayer.googleapis.com
domain:youtubefanfest.com
domain:youtubegaming.com
domain:youtubego.com
domain:youtubei.googleapis.com
domain:youtubekids.com
domain:youtubemobilesupport.com
domain:yt-video-upload.l.google.com
domain:yt.be
domain:yt1.googleusercontent.com
domain:yt2.googleusercontent.com
domain:yt3.googleusercontent.com
domain:ytimg.com
domain:ytimg.l.google.com
domain:yummyani.me
domain:zahav.ru
domain:zannn.top
domain:zapier.com
domain:zbigz.com
domain:zedge.net
domain:zendesk.com
domain:zerkalo.io
domain:zerossl.com
domain:zetalliance.org
domain:zetfix.online
domain:zetflix.online
domain:zf.com
domain:znanija.com
domain:zohomail.com
domain:zona.media
domain:zoomadmin.com
