10minutemail.com
1337x.to
24.kg
2ip.io
4freerussia.org
4pda.ru
4pda.to
4pda.ws
4pna.com
5sim.net
7tv.app
7tv.io
9tv.co.il
a-msedge.net
abercrombie.com
abook-club.ru
account-tiktok.com
acctcdnmsftuswe2.azureedge.net
acctcdnvzeuno.azureedge.net
activatica.org
adguard-dns.com
adguard.com
adidas.com
adminforge.de
adobe.activate.com
adobe.com
adobe.de
adobe.io
adobe.ipp
adobe.net
adobe.newoa
adobe.ntp
adobedtm.com
adobeereg.com
adobegenuine.com
adobejanus.com
adobelogin.com
ads-pixiv.net
ads-twitter.com
adultmult.tv
agents.media
agentura.ru
ahrefs.com
ai.com
aistudio.google.com
alberta.ca
allegro.pl
alphacoders.com
alza.hu
amazfitwatchfaces.com
amazonaws.com
amd.com
amdm.ru
amedia.site
amnezia.org
amx.com
analog.com
androidpolice.com
anidub.com
anidub.pro
anilibria.tv
anilibria.uno
animaunt.org
anime-portal.su
animebest.org
animedia.tv
animego.org
animespirit.ru
anistar.org
anistars.ru
annas-archive.org
anthropic.com
antiwar.in
aol.com
api.github.com
api.service-kp.com
aplawrence.com
appspot.com
appstorrent.ru
aqicn.org
arbat.media
archive.ph
archiveofourown.org
as6723.net
assets.heroku.com
assets.strpst.com
astra.press
atlassian.com
att.com
auphonic.com
autodesk.com
avira.com
aws.amazon.com
azathabar.com
azattyq.org
babook.org
baginya.org
baikal-journal.ru
bard.google.com
bato.to
bbc.co.uk
bbc.com
bbci.co.uk
bcbits.com
beeg.com
bell-sw.com
bellingcat.com
bestbuy.com
bestchange.net
bestchange.ru
bf3-204-206gv.video-ik-ok-ii.xyz
bgpmon.net
bihus.info
bing.com
bitbucket.org
bitcoin.org
bitdefender.com
bitru.org
blackseanews.net
blinkshot.io
bluehost.com
booktracker.org
boosteroid.com
booth.pm
bosch-home.com
botnadzor.org
bradyid.com
brave.com
brawlstarsgame.com
broadcom.com
broncosportforum.com
browser.events.data.microsoft.com
bt.booktracker.work
btdig.com
btod.com
buanzo.org
buckaroo.nl
buf.build
bungiestore.com
buymeacoffee.com
byspotify.com
byteoversea.com
cambiumnetworks.com
canva.com
canva.dev
capacitorjs.com
capcut.com
carnegieendowment.org
carrefouruae.com
cats.com
cbilling.eu
cbilling.vip
cdn.betterttv.net
cdn.sapphire.microsoftapp.net
cdn.web-platform.io
cdn77-pic.xnxx-cdn.com
cdnbunny.org
cdninstagram.com
cdromance.org
cdw.com
ce1-048-404gv.video-ik-ok-ii.xyz
censortracker.org
certifytheweb.com
chaos.com
chat.com
chatgpt.com
chaturbate.com
cherta.media
chess.com
cisco.com
citrix.com
clamav.net
clashofclans.com
clashroyaleapp.com
claude.ai
clickup.com
clip.opus.pro
cloudflare-dns.com
cloudflare-ech.com
cms-twdigitalassets.com
cnd2exp.online
cock.li
codeium.com
coingate.com
coinpayments.net
coinsbee.com
coldfilm.xyz
colta.ru
community.sophos.com
contabo.com
coomer.su
copilot-proxy.githubusercontent.com
copilot-telemetry.githubusercontent.com
copilot.microsoft.com
corsair.com
coursera.org
cpu-monkey.com
credly.com
crunchyroll.com
cub.red
cub.rip
currenttime.tv
cursorinfo.co.il
cvedetails.com
cyberghostvpn.com
cyxymu.info
czx.to
daemon-tools.cc
data-cdn.mbamupdates.com
decrypt.day
deepmind.com
deepmind.google
deepstatemap.live
deezer.com
delfi.ee
delfi.lt
delfi.lv
dell.com
dellcdn.com
depositphotos.com
designer.microsoft.com
designify.com
developer.nvidia.com
deviantart.com
devops.com
digikey.com
digitalcontent.sky
digitalocean.com
dis.gd
discord-activities.com
discord-attachments-uploads-prd.storage.googleapis.com
discord.co
discord.com
discord.design
discord.dev
discord.gg
discord.gift
discord.gifts
discord.media
discord.new
discord.store
discord.tools
discordactivities.com
discordapp.com
discordapp.io
discordapp.net
discordapp.org
discordcdn.com
discordmerch.com
discordpartygames.com
discordsays.com
discordstatus.com
discours.io
disctech.com
disneyplus.com
dobrochan.net
docs.liquibase.com
donmai.us
dorama.live
doramalive.ru
doramy.club
dovod.online
doxa.team
doxajournal.ru
dpidetector.org
dreamhost.com
ducati.com
dw.com
e621.net
eagle.sapphire.microsoftapp.net
ec3-9e8-200gv.video-ik-ok-ii.xyz
echofm.online
edge.microsoft.com
edu-cisco.org
ef.com
ef.edu
eggertspiele.de
ehorussia.com
ei.rdtcdn.com
ej.ru
ekhokavkaza.com
elastic.co
element14.com
elevenlabs.io
envato.com
envatousercontent.com
epidemz.net.co
err.ee
etsy.com
euronews.com
euroradio.fm
eutrp.eu
ev-ph.rdtcdn.com
event.pixiv-recommend.net
everand.com
exler.ru
expres.online
extremetech.com
f1.com
f95-zone.to
f95zone.to
facebook.com
facebook.com.es
facebook.com.vn
facebook.fr
facebook.net
fanbox.cc
fast-torrent.club
fast.com
fastly.net
fb.com
fb.me
fbcdn.net
fbsbx.com
feedcdn.sapphire.microsoftapp.net
fex.net
ficbook.net
filmitorrent.net
filmix.ac
filmix.biz
filmix.day
filmix.fm
filmix.la
flibusta.is
flibusta.net
flipboard.com
flir.com
flir.eu
flourish.studio
fls.guru
fluke.com
flukenetworks.com
fn-volga.ru
fonge.org
footballapi.pulselive.com
force-user-content.com
force.com
fork.pet
forklog.com
formula1.com
fortanga.org
forum.netgate.com
forum.ru-board.com
foxnews.com
fpt2.microsoft.com
framer.com
freedomletters.org
freeimages.com
freemedia.io
ai.google.dev
alkalicore-pa.clients6.google.com
alkalimakersuite-pa.clients6.google.com
g2a.com
gagadget.com
gamedistribution.com
gamesrepack.com
gaming.amazon.com
gateway.bingviz.microsoftapp.net
geforcenow.com
gelbooru.com
geller-pa.googleapis.com
gemini.google.com
generativeai.google
generativelanguage.googleapis.com
geni.us
genius.com
germania.one
getoutline.com
getoutline.org
gfn.am
ggpht.cn
ggpht.com
ghostrc.game.idtech.services
githubcopilot.com
gitlab.com
gitlab.io
global.fncstatic.com
glpals.com
gnome-look.org
godaddy.com
gofile.io
gofundme.com
golosameriki.com
gonitro.com
goodreads.com
googletagmanager.com
googlevideo.com
gordonua.com
gpsonextra.net
gpt3-openai.com
gr-assets.com
grafana.com
grammarly.com
grani.ru
graty.me
graylog.org
grazie.ai
grok.com
groq.com
groupon.com
groza.media
gstatic.com
gtagarage.com
gts.byteoversea.net
guilded.gg
gulagu.net
habr.com
hackernoon.com
hackmd.io
halooglasi.com
hashicorp.com
hath.network
hbomax.com
hdkinoteatr.com
hdrezka.ac
hdrezka.ag
hdrezka.cm
hdrezka.me
healthline.com
hentai-foundry.com
hentaichan.live
herokucdn.com
hetzner.com
hollisterco.com
holod.media
home-connect.com
hostgator.com
hostinger.com
hotels.com
howlongtobeat.com
hqporner.com
hrw.org
hs.fi
htmhell.dev
http-inputs-notion.splunkcloud.com
huawei.com
hwbot.org
i.kym-cdn.com
i.yting.com
ibm.com
ibytedtos.com
ic-vt-nss.xhcdn.com
idelreal.org
iedb.org
ig.me
ign.com
iherb.com
iichan.hk
ilook.tv
img.strpst.com
important-stories.com
in.appcenter.ms
indiehackers.com
infineon.com
infinitenovel.eu
instagram-p3-shv-01-hel3.fbcdn.com
instagram.com
install.launcher.omniverse.nvidia.com
intel.com
intel.de
intel.nl
intelix.sophos.com
intellij.net
interactivebrokers.co.uk
internalfb.com
intuit.com
intuitibits.com
ionos.com
ipburger.com
iptv.online
is.fi
island-of-pleasure.site
isnssdk.com
istories.media
itdog.info
itninja.com
itsmycity.ru
jabra.com
jamf.com
jauns.lv
jetbrains.com
jetbrains.space
jnn-pa.googleapis.com
jut-su.net
jut.su
kaktus.media
kamatera.com
kara.su
kasparov.ru
kavkaz-uzel.eu
kavkazr.com
kemono.party
kemono.su
keysight.com
kino.pub
kinobase.org
kinogo.ec
kinogo.la
kinogo.uk
kinokopilka.pro
kinovod.net
kinovod.pro
kinozal.guru
kinozal.me
kinozal.tv
kmail-lists.com
knews.kg
knowyourmeme.com
kolsar.org
korrespondent.net
kovcheg.live
kpapp.link
krymr.com
kupujemprodajem.com
lambdalabs.com
lamcdn.net
lampa.mx
ldoceonline.com
leafletjs.com
leica-geosystems.com
lenovo.com
lf1-ttcdn-tos.pstatp.com
lgbtnet.org
lgincdnmsftuswe2.azureedge.net
lgincdnvzeuno.azureedge.net
lh3.googleusercontent.com
libgen.li
libgen.rs
licdn.com
lidarr.audio
lifehacker.com
lightning.ai
linear.app
linkedin.com
linktr.ee
linuxiac.com
live.net
livetv.sx
liveuamap.com
localbitcoins.com
locals.md
location.microsoft.com
lolz.guru
lookerstudio.google.com
lostfilm.run
lostfilm.top
lostfilm.tv
lostfilm.win
lostfilmtv2.site
lostfilmtv5.site
lucid.app
m3u.in
macpaw.com
macvendors.com
mailfence.com
mailo.com
makersuite.google.com
malwarebytes.com
mangadex.org
mangahub.ru
mangapark.net
mashable.com
mattermost.com
max.com
mbed.com
mchost.guru
mdza.io
mediazona.ca
mediazona.online
medicalnewstoday.com
medium.com
meduza.io
megapeer.ru
megapeer.vip
memohrc.org
memopzk.org
memorialcenter.org
meraki.com
merezha.co
messenger.com
meta.com
metacritic.com
metal-archives.com
metla.press
microchip.com
middlewareinventory.com
mignews.com
mindfactory.de
mixcloud.com
mobile.events.data.microsoft.com
modsfire.com
mongodb.com
mongodb.org
monoprice.com
monster.ie
more.fm
moscowtimes.ru
mouser.com
mouser.fi
mrakopedia.net
mssg.me
mullvad.net
multporn.net
muscdn.com
musemuse.cn
musical.ly
mydoramy.club
myheritage.com
myjetbrains.com
nasvsehtoshnit.ru
navalny.com
nba.com
neo4j.com
neputin.org
netflix.ca
netflix.com
netflix.com.au
netflix.net
netflixdnstest1.com
netflixdnstest10.com
netflixdnstest2.com
netflixdnstest3.com
netflixdnstest4.com
netflixdnstest5.com
netflixdnstest6.com
netflixdnstest7.com
netflixdnstest8.com
netflixdnstest9.com
netflixinvestor.com
netflixstudios.com
netflixtechblog.com
netlify.com
networksolutions.com
newark.com
news.google.com
newsru.co.il
newsru.com
newstudio.tv
newtimes.ru
nfl.com
nflxext.com
nflximg.com
nflximg.net
nflxsearch.net
nflxso.net
nflxvideo.net
ngrok.com
nhentai.com
nhl.com
nih.gov
nike.com
nippon.com
nitropdf.com
nnmclub.to
nnmstatic.win
nordaccount.com
nordcdn.com
nordvpn.com
notebooklm.google
notepad-plus-plus.org
notifications-pa.googleapis.com
notion-static.com
notion.com
notion.new
notion.site
notion.so
notionusercontent.com
novaline.fm
novaya.no
novayagazeta.eu
novayagazeta.ru
ns-1475.awsdns-56.org
ns-1574.awsdns-04.co.uk
ns-440.awsdns-55.com
ns-722.awsdns-26.net
ntc.party
ntp.msn.com
nxp.com
nyaa.land
nyaa.si
oaistatic.com
oaiusercontent.com
oasis.app
ocstore.com
oculus.com
ohmyswift.ru
oi.legal
okx.com
omnissa.com
omv-extras.org
on24.com
onelink.me
onetrust.com
onfastspring.com
onlineradiobox.com
onlinesim.io
onlinesim.ru
onshape.com
open.stealth.si
openai.com
openai.com.cdn.cloudflare.net
openai.fund
openai.org
openaiapi-site.azureedge.net
openaicom-api-bdcpf8c6d2e9atf6.z01.azurefd.net
openaicomproductionae4b.blob.core.windows.net
openmedia.io
opensea.io
opentrackr.org
opposition-news.com
oracle.com
ovd.info
ovd.legal
ovd.news
ovdinfo.legal
ovdinfo.org
ozi-ru.org
ozodi.org
p1-tt-ipv6.byteimg.com
p1-tt.byteimg.com
p16-ad-sg.ibyteimg.com
p16-tiktok-sg.ibyteimg.com
p16-tiktok-sign-va-h2.ibyteimg.com
p16-tiktok-va-h2.ibyteimg.com
p16-tiktok-va.ibyteimg.com
p16-tiktokcdn-com.akamaized.net
p16-va-tiktok.ibyteimg.com
p26-tt.byteimg.com
p3-tt-ipv6.byteimg.com
p9-tt.byteimg.com
pages.dev
pandasecurity.com
pap.pl
paperagency.team
paperpaper.io
paperpaper.ru
papersupport.ru
paraplan.net
paraswap.io
parsec.app
pastela.app
patreon.com
paypal.com
pb.wtf
pbs.twimg.com.akamaized.net
pcbway.com
pcbway.ru
pcgamesn.com
pcmag.com
pdq.com
periscope.tv
pexels.com
phncdn.com
phncdn.com.sds.rncdn7.com
php.su
piccy.info
pimpletv.ru
pingdom.com
piratbit.top
pixabay.com
pixiv.co.jp
pixiv.me
pixiv.net
pixiv.org
pixivision.net
plab.site
platform.activestate.com
play.google.com
playboy.com
plugshare.com
polit.ru
politico.eu
politiken.dk
polymarket.com
pornhub.com
pornhub.org
pornolab.net
porsche.com
posle.media
postfix.org
postimees.ee
pravda.com
premierleague.com
previews.externulls.com
primevideo.com
privatekeys.pw
prnt.sc
proactivebackend-pa.googleapis.com
production-openaicom-storage.azureedge.net
proekt.media
prosleduetmedia.com
prostovpn.org
proton.me
protonmail.ch
protonmail.com
protonvpn.com
provereno.media
prowlarr.com
proxyscrape.com
pscdn.co
pscp.tv
psiphon.ca
pull-f3-hs.pstatp.com
pull-f5-hs.flive.pstatp.com
pull-f5-hs.pstatp.com
pull-f5-mus.pstatp.com
pull-flv-f1-hs.pstatp.com
pull-flv-f6-hs.pstatp.com
pull-flv-l1-hs.pstatp.com
pull-flv-l1-mus.pstatp.com
pull-flv-l6-hs.pstatp.com
pull-hls-l1-mus.pstatp.com
pull-l3-hs.pstatp.com
pull-rtmp-f1-hs.pstatp.com
pull-rtmp-f6-hs.pstatp.com
pull-rtmp-l1-hs.pstatp.com
pull-rtmp-l1-mus.pstatp.com
pull-rtmp-l6-hs.pstatp.com
pximg.net
qsbr.cf2.quoracdn.net
qt.io
qualcomm.com
quic-tiktok-core-proxy-i18n-gcpva.byteoversea.net
quic-tiktok-proxy-i18n-gcpva.byteoversea.net
quickconnect.to
quietpc.com
quora.com
quora.com.cdn.cloudflare.net
quoracdn.com
radarr.video
radiosakharov.org
radiosvoboda.org
reactflow.dev
realist.online
recraft.ai
reddxxx.com
redgifs.com
redis.com
redis.io
redshieldvpn.com
redtube.com
reestrgov.ru
refactoring.guru
refinitiv.com
remna.st
remove.bg
render-state.to
rentry.co
rentry.org
republic.ru
research.net
research.uber.com
resp.app
returnyoutubedislikeapi.com
reuters.com
reve.art
rezka.ag
rezka.my
rezkify.com
rezonans.media
rferl.org
riafan.ru
riperam.org
roar-review.com
root-nation.com
rpt.usuppliers.uber.com
rr3.sn-pouxga5o-vu2l.gvt1.com
rr3.sn-pouxga5o-vu2s.gvt1.com
rsf.org
rublacklist.net
ruckuswireless.com
rulate.ru
rule34.art
rule34.xxx
rus-media.org
rus.ec
rustorka.com
rutor.info
rutor.is
rutor.org
rutracker.cc
rutracker.net
rutracker.org
rutracker.ru
rutracker.wiki
rutrk.org
s-bid.rmp.rakuten.com
sakh.com
sakhalin.info
sakharovfoundation.org
salesforce-experience.com
salesforce-hub.com
salesforce-scrt.com
salesforce-setup.com
salesforce-sites.com
salesforce.com
salesforceiq.com
salesforceliveagent.com
sap.com
sapphire.api.microsoftapp.net
saverudata.info
saverudata.net
scdn.co
schaeffler.com
sci-hub.se
sci-hub.st
scontent.whatsapp.net
screamingfrog.co.uk
sdxcentral.com
search.externulls.com
searchfloor.org
seasonvar.ru
sebeanus.online
selezen.org
self.events.data.microsoft.com
semnasem.org
sentry.io
sephora.com
serpstat.com
servarr.com
services.bingapis.com
severreal.org
sf1-ttcdn-tos.pstatp.com
sf16-ttcdn-tos.ipstatp.com
sf6-ttcdn-tos.pstatp.com
sfdcopens.com
sgsnssdk.com
shikimori.me
shinyhardware.co.uk
shiza-project.com
shop.gameloft.com
showip.net
sibreal.org
signal.art
signal.group
signal.link
signal.me
signal.org
signal.tube
signalusers.org
simplex.chat
simplex.im
simplix.info
singlekey-id.com
site.com
skat.media
sketchup.com
skiff.com
skladchik.com
sklatchiki.ru
sky.com
skycdp.com
skyscanner.com
slashlib.me
slavicsac.com
slideshare.net
smartbear.co
smartbear.com
smartdeploy.com
smashwords.com
snd.sc
sndcdn.com
snort.org
snyk.io
soapui.org
sobesednik.com
sobesednik.ru
software-static.download.prss.microsoft.com
solarwinds.com
sora.com
soundcloud.cloud
soundcloud.com
sovanews.tv
sovetromantica.com
spacelift.io
spektr.press
spitfireaudio.com
spoti.fi
spotify-everywhere.com
spotify.com
spotify.design
spotifycdn.com
spotifycdn.net
spotifycharts.com
spotifycodes.com
spotifyforbrands.com
spotifyjobs.com
spreadthesign.com
sputnikipogrom.com
squadbustersgame.com
squareup.com
squietpc.com
srv.voidnetwork.cloud
stalker2.com
static-ah.xhcdn.com
static-nss.xhcdn.com
static.voidboost.com
static.whatsapp.net
statichdrezka.ac
statology.org
stats.externulls.com
steamstat.info
stockx.com
store.externulls.com
strana.news
strana.today
strava.com
stream.voidboost.in
streamable.com
stulchik.net
suggestqueries.google.com
supercell.com
support.xerox.com
surfshark.com
surveymonkey.com
suspilne.media
svoboda.org
svtv.org
swagger.io
swissinfo.ch
synoforum.com
sysdig.com
t-ru.org
t-s.news
t.co
t3.chat
tableau.com
tailscale.com
talosintelligence.com
tayga.info
te-st.org
teamviewer.com
techpowerup.com
telegraf.by
telegraf.news
telegraph.co.uk
telemetr.io
tellapart.com
tempmail.plus
temu.com
terraform.io
tfbnw.net
the-village.ru
theaudiodb.com
thebarentsobserver.com
thebell.io
thefacebook.com
theins.info
theins.press
theins.ru
themoviedb.org
thepiratebay.org
thetruestory.news
threads.net
threema.ch
thumbs.externulls.com
ti.com
tidal.com
tik-tokapi.com
tiktok-lb-alisg.byteoversea.net
tiktok-lb-maliva.byteoversea.net
tiktok-platform-lb-alisg.byteoversea.net
tiktok.com
tiktokcdn-com.akamaized.net
tiktokcdn-eu.com
tiktokcdn-in.com
tiktokcdn-us.com
tiktokcdn-us.com.atomile.com
tiktokcdn.com
tiktokcdn.com.atomile.com
tiktokcdn.com.c.bytetcdn.com
tiktokcdn.com.c.worldfcdn.com
tiktokcdn.com.rocket-cdn.com
tiktokd.net
tiktokd.org
tiktokglobalshop.com
tiktokv.com
tiktokv.com.c.worldfcdn.com
tiktokv.com.c.worldfcdn2.com
tiktokv.eu
tiktokv.us
tiktokw.eu
tiktokw.us
timberland.com
timberland.de
tjournal.ru
tlivecdn.com
tmdb-image-prod.b-cdn.net
tmdb.com
tmdb.org
torproject.org
torrent.by
torrenteditor.com
torrentgalaxy.to
torrindex.net
tpucdn.com
tr.libria.fun
tr.ysagin.top
tr3.ysagin.top
tracker.torrent.eu.org
tracker.wf
trae.ai
trailblazer.me
trailhead.com
translyaciya.com
trellix.com
trueblackmetalradio.com
tsmc.com
ttlivecdn.com
ttlivecdn.com.c.worldfcdn.com
ttoversea.net
ttoverseaus.net
ttwstatic.com
turbobit.net
tuta.com
tuta.io
tutanota.com
tvfreedom.io
tvrain.ru
tvrain.tv
tweetdeck.com
twimg.com
twirpx.com
twitpic.com
twitter.biz
twitter.com
twitter.jp
twittercommunity.com
twitterflightschool.com
twitterinc.com
twitteroauth.com
twitterstat.us
twtrdns.net
twttr.com
twttr.net
twvid.com
typing.com
ua
uaudio.com
ubnt.com
ufile.io
ui.com
ukr.net
ukr.radio
ukrtelcdn.net
underver.se
unian.net
uniongang.tv
unscreen.com
upwork.com
usa.one
v16-tiktokcdn-com.akamaized.net
vagrantcloud.com
vbcdn.com
vbcdn.net
vectorworks.net
veeam.com
velocidrone.com
veritas.com
verstka.media
vesma.one
vesma.today
vesty.co.il
viber.co
viber.com
viber.me
vice.com
video-akpcw-cdn-spotify-com.akamaized.net
video-analytics.google.com
video.externulls.com
videocardz.com
videocardz.net
vine.co
vipdrive.net
vipergirls.to
visualcapitalist.com
vmware.com
vndb.org
voanews.com
voidboost.cc
volkswagen-classic-parts.com
vot-tak.tv
voynaplemyon.com
vp.externulls.com
vpngate.net
vpngen.org
vpnlove.me
vpnpay.io
vrmedia-nss.xhcdn.com
vroid.com
vroid.pixiv.help
vrv.co
vyos.io
w.atwiki.jp
walmart.com
watchguard.com
watermarkremover.io
weather.com
webnames.ca
webtoons.com
weebly.com
welt.de
wetransfer.com
wheather.com
whispersystems.org
whoami.akamai.net
wide-youtube.l.google.com
widgetapp.stream
wiki.fextralife.com
wikiart.org
wikidot.com
wilsoncenter.org
windguru.cz
windows10spotlight.com
wise.com
withyoutube.com
wixmp.com
wk.cz
wonderzine.com
wpengine.com
wstracker.online
wunderground.com
www.serv01001.xyz
x.ai
x.com
xdaforums.com
xhamster.com
xhamsterlive.com
xnxx-ru.com
xnxx.com
xsts.auth.xboxlive.com
xtracloud.net
xv-ru.com
xvideos-cdn.com
xvideos.com
yaoilib.me
yle.fi
younettranslate.com
youtu.be
youtube-nocookie.com
youtube-ui.l.google.com
youtube.com
youtube.googleapis.com
youtube.ru
youtubeeducation.com
youtubeembeddedplayer.googleapis.com
youtubefanfest.com
youtubegaming.com
youtubego.com
youtubei.googleapis.com
youtubekids.com
youtubemobilesupport.com
yt-video-upload.l.google.com
yt.be
yt1.googleusercontent.com
yt2.googleusercontent.com
yt3.googleusercontent.com
ytimg.com
ytimg.l.google.com
yummyani.me
yummyanime.tv
zahav.ru
zannn.top
zapier.com
zbigz.com
zedge.net
zeflix.online
zendesk.com
zerkalo.io
zerossl.com
zetalliance.org
zetfix.online
zetflix.online
zetimage.net
zf.com
znanija.com
zohomail.com
zona.media
zoomadmin.com
