04wa9s2dgn2.3ig8y.hstatic.io
06f3feql93.7kdvx.hstatic.io
0awf2sau04.pycz4.hstatic.io
0icsg11efls.rocpx.hstatic.io
0kq3h19bl6.pycz4.hstatic.io
14dmp87i0l.t1yjm.hstatic.io
15v6muxpc1m3.uvtmo.hstatic.io
17bay252qfmu.7kdvx.hstatic.io
1b7g672zmpep.t1yjm.hstatic.io
1p1i5daloa.7kdvx.hstatic.io
1sky62pfvfn.bmysp.hstatic.io
1sp2ppw5g0.3ig8y.hstatic.io
3bziuleo.3ig8y.hstatic.io
3dns-1.adobe.com
3dns-2.adobe.com
3dns-3.adobe.com
3dns-4.adobe.com
3dns-5.adobe.com
3dns.adobe.com
445fwrdw4ga.z4e0u.hstatic.io
4fms0n3o.7kdvx.hstatic.io
4jfur3ybg8yx.z4e0u.hstatic.io
4q8hc1sx.z4e0u.hstatic.io
4wocfrqb02jf.bmysp.hstatic.io
5lvrqzev.uoszu.hstatic.io
6290k2y20p7c.68gqg.hstatic.io
68ptoie9zy2.bmysp.hstatic.io
6gcg4v1km18.zn55q.hstatic.io
6kb0g6dz.2rmu5.hstatic.io
6kdqjgovunu.z4e0u.hstatic.io
6vkr6xxji0v.2rmu5.hstatic.io
6znxuei6jl.7kdvx.hstatic.io
6zv9fyvejrz.7kdvx.hstatic.io
78wdyt44u1e.7kdvx.hstatic.io
7b4jms3jyg5.lpst4.hstatic.io
7vuumgi6utj3.bmysp.hstatic.io
7w03u4stl.7kdvx.hstatic.io
8xz68lvyn.3ig8y.hstatic.io
95l6r1vwnh6.yise6.hstatic.io
96uc1q4y.bmysp.hstatic.io
98oloswp9tu.7kdvx.hstatic.io
9k5m7qac.zn55q.hstatic.io
9ls9aurv.68gqg.hstatic.io
a1815.dscr.akamai.net
a6v3cgt7m1hr.pycz4.hstatic.io
activate-sea.adobe.com
activate-sea.adobe.de
activate-sjc0.adobe.com
activate-sjc0.adobe.de
activate.adobe.com
activate.adobe.de
activate.wip3.adobe.de
ad.cub.red
adobe-dns-01.adobe.com
adobe-dns-1.adobe.com
adobe-dns-2.adobe.com
adobe-dns-2.adobe.de
adobe-dns-3.adobe.com
adobe-dns-3.adobe.de
adobe-dns-4.adobe.com
adobe-dns.adobe.com
adobe-dns.adobe.de
adobe.activate.com
adobe.demdex.net
adobe.io
adobe.tt.omtrdc.net
adobedc.demdex.net
adobeereg.com
adobeid-na1.services.adobe.com
adobestats.io
agynrzhix0x.3ig8y.hstatic.io
assets.adobedtm.com
auth-cloudfront.prod.ims.adobejanus.com
auth.services.adobe.com
b01dc1os.68gqg.hstatic.io
b7fiblipjdis.lpst4.hstatic.io
b9pd0l47.bmysp.hstatic.io
bjuwmkbua.68gqg.hstatic.io
cc-cdn.adobe.com
cc-cdn.adobe.com.edgekey.net
cclibraries-defaults-cdn.adobe.com
cclibraries-defaults-cdn.adobe.com.edgekey.net
cmdls.adobe.com
cn-assets.adobedtm.com.edgekey.net
crl.verisign.net
crlog-crcn.adobe.com
crs.cr.adobe.com
d3100i42io6.7kdvx.hstatic.io
dkyuiwm0tvdn.7kdvx.hstatic.io
dnpv0yfag2yq.3ig8y.hstatic.io
ea0dth0ng.7kdvx.hstatic.io
ereg.adobe.com
ereg.adobe.de
ethos.ethos02-prod-irl1.ethos.adobe.net
f29mtwc2.lpst4.hstatic.io
f8ayn0bi8.3ig8y.hstatic.io
fabm1dd6.bmysp.hstatic.io
genuine.adobe.com
geo2.adobe.com
gocart-web-prod-ue1-alb-1461435473.us-east-1.elb.amazonaws.com
h9s83jn22hae.t1yjm.hstatic.io
helpexamples.com
hemw6v51f.7kdvx.hstatic.io
hk5ohxmq.pycz4.hstatic.io
hl2rcv.adobe.com
hl2rcv.adobe.de
hlrcv.stage.adobe.com
hsvzelmh.3ig8y.hstatic.io
ims-na1-prprod.adobelogin.com
ims-na1.adobelogin.com.cdn.cloudflare.net
iurf0kzn0gl.7kdvx.hstatic.io
j81dlj7l.z4e0u.hstatic.io
jgy9nz3cj.bmysp.hstatic.io
jiivr3ttjm1.68gqg.hstatic.io
joz7xzld8val.z4e0u.hstatic.io
jytan16luj.bmysp.hstatic.io
k55mhtvsh.zn55q.hstatic.io
khsfshcgzv9y.bmysp.hstatic.io
lfbwysph.7kdvx.hstatic.io
license.adobe.com
licenses.adobe.com
lpzzwvu67.3ig8y.hstatic.io
lqm6ozuu0nt.bmysp.hstatic.io
ls1y3d07xpm.bmysp.hstatic.io
lv5boiuu5.jmlvs.hstatic.io
m3cq5x62h.7kdvx.hstatic.io
m6xgfjqqsyhi.7kdvx.hstatic.io
m97r0gd25r.bmysp.hstatic.io
mcopdk4hb545.7kdvx.hstatic.io
msdhl2x0qxf.bmysp.hstatic.io
n7urm2yxm7bp.7kdvx.hstatic.io
n9k3vget.2rmu5.hstatic.io
na1r.services.adobe.com
na4r.services.adobe.com
nqf9hyvn.bmysp.hstatic.io
o1383653.ingest.sentry.io
o434ox4isvz3.bmysp.hstatic.io
o987771.ingest.us.sentry.io
ockll7u3dv41.pycz4.hstatic.io
ocsp.spo1.verisign.com
oniiajvf197.bmysp.hstatic.io
ood.opsource.net
opm6keep9kn.uvtmo.hstatic.io
pf3n9g4ml6i.z4e0u.hstatic.io
pfqxb9c8.7kdvx.hstatic.io
pibs7yv2zqf.rocpx.hstatic.io
practivate-da1.adobe.com
practivate.adobe
practivate.adobe.com
practivate.adobe.de
practivate.adobe.ipp
practivate.adobe.newoa
practivate.adobe.ntp
prod-rel-ffc-ccm.oobesaas.adobe.com
prod.adobegenuine.com
q2ripsnshpi2.uvtmo.hstatic.io
q796isz4k.pycz4.hstatic.io
qoxcfxk2qj.68gqg.hstatic.io
qzm9ffgdq29q.7kdvx.hstatic.io
r2yhtz834aso.7kdvx.hstatic.io
r8y0sctr.bmysp.hstatic.io
rpf9vp92.7kdvx.hstatic.io
s-2.adobe.com
s-3.adobe.com
services.prod.ims.adobejanus.com
shkwztqn54.bmysp.hstatic.io
shvyg0n1upp.bmysp.hstatic.io
ssl-delivery.adobe.com.edgekey.net
sstats.adobe.com
stls.adobe.com-cn.edgesuite.net
stls.adobe.com-cn.edgesuite.net.globalredir.akadns.net
suubjm9jc.bmysp.hstatic.io
tmcrm1pvkr12.bmysp.hstatic.io
tss-geotrust-crl.thawte.com
twxptv53jleh.7kdvx.hstatic.io
use-stls.adobe.com.edgesuite.net
vgmer1n6iytd.uvtmo.hstatic.io
vphzcm54v34c.bmysp.hstatic.io
vwg5c0pm.z4e0u.hstatic.io
wfs7lz0ig4.7kdvx.hstatic.io
wip.adobe.com
wip1.adobe.com
wip2.adobe.com
wip3.adobe.com
wip4.adobe.com
wkmaqj5c9u.7kdvx.hstatic.io
workflow-ui-prod.licensingstack.com
wwis-dubc1-vip100.adobe.com
wwis-dubc1-vip101.adobe.com
wwis-dubc1-vip102.adobe.com
wwis-dubc1-vip103.adobe.com
wwis-dubc1-vip104.adobe.com
wwis-dubc1-vip105.adobe.com
wwis-dubc1-vip106.adobe.com
wwis-dubc1-vip107.adobe.com
wwis-dubc1-vip108.adobe.com
wwis-dubc1-vip109.adobe.com
wwis-dubc1-vip110.adobe.com
wwis-dubc1-vip111.adobe.com
wwis-dubc1-vip112.adobe.com
wwis-dubc1-vip113.adobe.com
wwis-dubc1-vip114.adobe.com
wwis-dubc1-vip115.adobe.com
wwis-dubc1-vip116.adobe.com
wwis-dubc1-vip117.adobe.com
wwis-dubc1-vip118.adobe.com
wwis-dubc1-vip119.adobe.com
wwis-dubc1-vip120.adobe.com
wwis-dubc1-vip121.adobe.com
wwis-dubc1-vip122.adobe.com
wwis-dubc1-vip123.adobe.com
wwis-dubc1-vip124.adobe.com
wwis-dubc1-vip125.adobe.com
wwis-dubc1-vip30.adobe.com
wwis-dubc1-vip31.adobe.com
wwis-dubc1-vip32.adobe.com
wwis-dubc1-vip33.adobe.com
wwis-dubc1-vip34.adobe.com
wwis-dubc1-vip35.adobe.com
wwis-dubc1-vip36.adobe.com
wwis-dubc1-vip37.adobe.com
wwis-dubc1-vip38.adobe.com
wwis-dubc1-vip39.adobe.com
wwis-dubc1-vip40.adobe.com
wwis-dubc1-vip41.adobe.com
wwis-dubc1-vip42.adobe.com
wwis-dubc1-vip43.adobe.com
wwis-dubc1-vip44.adobe.com
wwis-dubc1-vip45.adobe.com
wwis-dubc1-vip46.adobe.com
wwis-dubc1-vip47.adobe.com
wwis-dubc1-vip48.adobe.com
wwis-dubc1-vip49.adobe.com
wwis-dubc1-vip50.adobe.com
wwis-dubc1-vip51.adobe.com
wwis-dubc1-vip52.adobe.com
wwis-dubc1-vip53.adobe.com
wwis-dubc1-vip54.adobe.com
wwis-dubc1-vip55.adobe.com
wwis-dubc1-vip56.adobe.com
wwis-dubc1-vip57.adobe.com
wwis-dubc1-vip58.adobe.com
wwis-dubc1-vip59.adobe.com
wwis-dubc1-vip60.adobe.com
wwis-dubc1-vip60.adobe.de
wwis-dubc1-vip61.adobe.com
wwis-dubc1-vip62.adobe.com
wwis-dubc1-vip63.adobe.com
wwis-dubc1-vip64.adobe.com
wwis-dubc1-vip65.adobe.com
wwis-dubc1-vip66.adobe.com
wwis-dubc1-vip67.adobe.com
wwis-dubc1-vip68.adobe.com
wwis-dubc1-vip69.adobe.com
wwis-dubc1-vip70.adobe.com
wwis-dubc1-vip71.adobe.com
wwis-dubc1-vip72.adobe.com
wwis-dubc1-vip73.adobe.com
wwis-dubc1-vip74.adobe.com
wwis-dubc1-vip75.adobe.com
wwis-dubc1-vip76.adobe.com
wwis-dubc1-vip77.adobe.com
wwis-dubc1-vip78.adobe.com
wwis-dubc1-vip79.adobe.com
wwis-dubc1-vip80.adobe.com
wwis-dubc1-vip81.adobe.com
wwis-dubc1-vip82.adobe.com
wwis-dubc1-vip83.adobe.com
wwis-dubc1-vip84.adobe.com
wwis-dubc1-vip85.adobe.com
wwis-dubc1-vip86.adobe.com
wwis-dubc1-vip87.adobe.com
wwis-dubc1-vip88.adobe.com
wwis-dubc1-vip89.adobe.com
wwis-dubc1-vip90.adobe.com
wwis-dubc1-vip91.adobe.com
wwis-dubc1-vip92.adobe.com
wwis-dubc1-vip93.adobe.com
wwis-dubc1-vip94.adobe.com
wwis-dubc1-vip95.adobe.com
wwis-dubc1-vip96.adobe.com
wwis-dubc1-vip97.adobe.com
wwis-dubc1-vip98.adobe.com
wwis-dubc1-vip99.adobe.com
xfd4gbsdtcb.bmysp.hstatic.io
y4hqr0htbcz.7kdvx.hstatic.io
ye60h3ynxmpb.bmysp.hstatic.io
yysm78ry.3ig8y.hstatic.io
z6ygxysvop.68gqg.hstatic.io
z7vds6se.z4e0u.hstatic.io
zag4l4vb.bmysp.hstatic.io
zsn6j5czh.7kdvx.hstatic.io
